This is pdfTeX, Version 3.141592653-2.6-1.40.29 (MiKTeX 26.5) (preloaded format=pdflatex 2026.5.23)  14 JUN 2026 21:47
entering extended mode
 \write18 enabled.
 file:line:error style messages enabled.
 %&-line parsing enabled.
**./main_copy.tex
(main_copy.tex
LaTeX2e <2025-06-01> patch level 1
L3 programming layer <2026-03-20>
(C:\Users\Alberto\AppData\Local\Programs\MiKTeX\tex/latex/base\article.cls
Document Class: article 2025/01/22 v1.4n Standard LaTeX document class
(C:\Users\Alberto\AppData\Local\Programs\MiKTeX\tex/latex/base\size12.clo
File: size12.clo 2025/01/22 v1.4n Standard LaTeX file (size option)
)
\c@part=\count275
\c@section=\count276
\c@subsection=\count277
\c@subsubsection=\count278
\c@paragraph=\count279
\c@subparagraph=\count280
\c@figure=\count281
\c@table=\count282
\abovecaptionskip=\skip49
\belowcaptionskip=\skip50
\bibindent=\dimen150
)
(preamble.sty
Package: preamble 

(C:\Users\Alberto\AppData\Local\Programs\MiKTeX\tex/latex/base\fontenc.sty
Package: fontenc 2024/12/21 v2.1c Standard LaTeX package
)
(C:\Users\Alberto\AppData\Local\Programs\MiKTeX\tex/latex/base\inputenc.sty
Package: inputenc 2024/02/08 v1.3d Input encoding file
\inpenc@prehook=\toks17
\inpenc@posthook=\toks18
)
(C:\Users\Alberto\AppData\Local\Programs\MiKTeX\tex/latex/lm\lmodern.sty
Package: lmodern 2015/05/01 v1.6.1 Latin Modern Fonts
LaTeX Font Info:    Overwriting symbol font `operators' in version `normal'
(Font)                  OT1/cmr/m/n --> OT1/lmr/m/n on input line 22.
LaTeX Font Info:    Overwriting symbol font `letters' in version `normal'
(Font)                  OML/cmm/m/it --> OML/lmm/m/it on input line 23.
LaTeX Font Info:    Overwriting symbol font `symbols' in version `normal'
(Font)                  OMS/cmsy/m/n --> OMS/lmsy/m/n on input line 24.
LaTeX Font Info:    Overwriting symbol font `largesymbols' in version `normal'
(Font)                  OMX/cmex/m/n --> OMX/lmex/m/n on input line 25.
LaTeX Font Info:    Overwriting symbol font `operators' in version `bold'
(Font)                  OT1/cmr/bx/n --> OT1/lmr/bx/n on input line 26.
LaTeX Font Info:    Overwriting symbol font `letters' in version `bold'
(Font)                  OML/cmm/b/it --> OML/lmm/b/it on input line 27.
LaTeX Font Info:    Overwriting symbol font `symbols' in version `bold'
(Font)                  OMS/cmsy/b/n --> OMS/lmsy/b/n on input line 28.
LaTeX Font Info:    Overwriting symbol font `largesymbols' in version `bold'
(Font)                  OMX/cmex/m/n --> OMX/lmex/m/n on input line 29.
LaTeX Font Info:    Overwriting math alphabet `\mathbf' in version `normal'
(Font)                  OT1/cmr/bx/n --> OT1/lmr/bx/n on input line 31.
LaTeX Font Info:    Overwriting math alphabet `\mathsf' in version `normal'
(Font)                  OT1/cmss/m/n --> OT1/lmss/m/n on input line 32.
LaTeX Font Info:    Overwriting math alphabet `\mathit' in version `normal'
(Font)                  OT1/cmr/m/it --> OT1/lmr/m/it on input line 33.
LaTeX Font Info:    Overwriting math alphabet `\mathtt' in version `normal'
(Font)                  OT1/cmtt/m/n --> OT1/lmtt/m/n on input line 34.
LaTeX Font Info:    Overwriting math alphabet `\mathbf' in version `bold'
(Font)                  OT1/cmr/bx/n --> OT1/lmr/bx/n on input line 35.
LaTeX Font Info:    Overwriting math alphabet `\mathsf' in version `bold'
(Font)                  OT1/cmss/bx/n --> OT1/lmss/bx/n on input line 36.
LaTeX Font Info:    Overwriting math alphabet `\mathit' in version `bold'
(Font)                  OT1/cmr/bx/it --> OT1/lmr/bx/it on input line 37.
LaTeX Font Info:    Overwriting math alphabet `\mathtt' in version `bold'
(Font)                  OT1/cmtt/m/n --> OT1/lmtt/m/n on input line 38.
)
(C:\Users\Alberto\AppData\Local\Programs\MiKTeX\tex/generic/babel\babel.sty
Package: babel 2026/04/15 v26.6 The multilingual framework for LuaLaTeX, pdfLaT
eX and XeLaTeX
\babel@savecnt=\count283
LaTeX Encoding Info:    Redeclaring text command \ij (encoding OT1) on input li
ne 2078.
LaTeX Encoding Info:    Redeclaring text command \IJ (encoding OT1) on input li
ne 2080.
LaTeX Encoding Info:    Redeclaring text command \ij (encoding T1) on input lin
e 2082.
LaTeX Encoding Info:    Redeclaring text command \IJ (encoding T1) on input lin
e 2083.
LaTeX Encoding Info:    Ignoring declaration for text command \ij (encoding ?) 
on input line 2084.
LaTeX Encoding Info:    Ignoring declaration for text command \IJ (encoding ?) 
on input line 2086.
LaTeX Encoding Info:    Ignoring declaration for text command \SS (encoding ?) 
on input line 2111.
\U@D=\dimen151
\l@unhyphenated=\language70

(C:\Users\Alberto\AppData\Local\Programs\MiKTeX\tex/generic/babel\txtbabel.def)
\bbl@readstream=\read2
\bbl@dirlevel=\count284
Package babel Info: Configuration files are deprecated, as
(babel)             they can break document portability.
(babel)             Reported on input line 4206.
*************************************
* Local config file bblopts.cfg used
*
(C:\Users\Alberto\AppData\Local\Programs\MiKTeX\tex/latex/arabi\bblopts.cfg
File: bblopts.cfg 2005/09/08 v0.1 add Arabic and Farsi to "declared" options of
 babel
)
(C:\Users\Alberto\AppData\Local\Programs\MiKTeX\tex/generic/babel/locale/es\bab
el-spanish.tex)
Package babel Info: Importing font and identification data for spanish
(babel)             from babel-es.ini. Reported on input line 4330.

(C:\Users\Alberto\AppData\Local\Programs\MiKTeX\tex/latex/babel-spanish\spanish
.ldf
Language: spanish.ldf 2021/05/27 v5.0q Spanish support from the babel system
\es@quottoks=\toks19
\es@quotdepth=\count285
Package babel Info: Making " an active character on input line 570.
Package babel Info: Making . an active character on input line 675.
Package babel Info: Making < an active character on input line 722.
Package babel Info: Making > an active character on input line 722.
))
LaTeX Encoding Info:    Redeclaring text command \guillemotleft (encoding OT1) 
on input line 20.
LaTeX Encoding Info:    Redeclaring text command \guillemotright (encoding OT1)
 on input line 20.

(C:\Users\Alberto\AppData\Local\Programs\MiKTeX\tex/latex/amsmath\amsmath.sty
Package: amsmath 2025/07/09 v2.17z AMS math features
\@mathmargin=\skip51

For additional information on amsmath, use the `?' option.
(C:\Users\Alberto\AppData\Local\Programs\MiKTeX\tex/latex/amsmath\amstext.sty
Package: amstext 2024/11/17 v2.01 AMS text

(C:\Users\Alberto\AppData\Local\Programs\MiKTeX\tex/latex/amsmath\amsgen.sty
File: amsgen.sty 1999/11/30 v2.0 generic functions
\@emptytoks=\toks20
\ex@=\dimen152
))
(C:\Users\Alberto\AppData\Local\Programs\MiKTeX\tex/latex/amsmath\amsbsy.sty
Package: amsbsy 1999/11/29 v1.2d Bold Symbols
\pmbraise@=\dimen153
)
(C:\Users\Alberto\AppData\Local\Programs\MiKTeX\tex/latex/amsmath\amsopn.sty
Package: amsopn 2022/04/08 v2.04 operator names
)
\inf@bad=\count286
LaTeX Info: Redefining \frac on input line 233.
\uproot@=\count287
\leftroot@=\count288
LaTeX Info: Redefining \overline on input line 398.
LaTeX Info: Redefining \colon on input line 409.
\classnum@=\count289
\DOTSCASE@=\count290
LaTeX Info: Redefining \ldots on input line 495.
LaTeX Info: Redefining \dots on input line 498.
LaTeX Info: Redefining \cdots on input line 619.
\Mathstrutbox@=\box53
\strutbox@=\box54
LaTeX Info: Redefining \big on input line 721.
LaTeX Info: Redefining \Big on input line 722.
LaTeX Info: Redefining \bigg on input line 723.
LaTeX Info: Redefining \Bigg on input line 724.
\big@size=\dimen154
LaTeX Font Info:    Redeclaring font encoding OML on input line 742.
LaTeX Font Info:    Redeclaring font encoding OMS on input line 743.
\macc@depth=\count291
LaTeX Info: Redefining \bmod on input line 904.
LaTeX Info: Redefining \pmod on input line 909.
LaTeX Info: Redefining \smash on input line 939.
LaTeX Info: Redefining \relbar on input line 969.
LaTeX Info: Redefining \Relbar on input line 970.
\c@MaxMatrixCols=\count292
\dotsspace@=\muskip17
\c@parentequation=\count293
\dspbrk@lvl=\count294
\tag@help=\toks21
\row@=\count295
\column@=\count296
\maxfields@=\count297
\andhelp@=\toks22
\eqnshift@=\dimen155
\alignsep@=\dimen156
\tagshift@=\dimen157
\tagwidth@=\dimen158
\totwidth@=\dimen159
\lineht@=\dimen160
\@envbody=\toks23
\multlinegap=\skip52
\multlinetaggap=\skip53
\mathdisplay@stack=\toks24
LaTeX Info: Redefining \[ on input line 2950.
LaTeX Info: Redefining \] on input line 2951.
)
(C:\Users\Alberto\AppData\Local\Programs\MiKTeX\tex/latex/amsfonts\amssymb.sty
Package: amssymb 2013/01/14 v3.01 AMS font symbols

(C:\Users\Alberto\AppData\Local\Programs\MiKTeX\tex/latex/amsfonts\amsfonts.sty
Package: amsfonts 2013/01/14 v3.01 Basic AMSFonts support
\symAMSa=\mathgroup4
\symAMSb=\mathgroup5
LaTeX Font Info:    Redeclaring math symbol \hbar on input line 98.
LaTeX Font Info:    Overwriting math alphabet `\mathfrak' in version `bold'
(Font)                  U/euf/m/n --> U/euf/b/n on input line 106.
))
(C:\Users\Alberto\AppData\Local\Programs\MiKTeX\tex/latex/graphics\graphicx.sty
Package: graphicx 2024/12/31 v1.2e Enhanced LaTeX Graphics (DPC,SPQR)
(C:\Users\Alberto\AppData\Local\Programs\MiKTeX\tex/latex/graphics\keyval.sty
Package: keyval 2022/05/29 v1.15 key=value parser (DPC)
\KV@toks@=\toks25
)
(C:\Users\Alberto\AppData\Local\Programs\MiKTeX\tex/latex/graphics\graphics.sty
Package: graphics 2024/08/06 v1.4g Standard LaTeX Graphics (DPC,SPQR)
(C:\Users\Alberto\AppData\Local\Programs\MiKTeX\tex/latex/graphics\trig.sty
Package: trig 2023/12/02 v1.11 sin cos tan (DPC)
)
(C:\Users\Alberto\AppData\Local\Programs\MiKTeX\tex/latex/graphics-cfg\graphics
.cfg
File: graphics.cfg 2016/06/04 v1.11 sample graphics configuration
)
Package graphics Info: Driver file: pdftex.def on input line 106.

(C:\Users\Alberto\AppData\Local\Programs\MiKTeX\tex/latex/graphics-def\pdftex.d
ef
File: pdftex.def 2025/09/29 v1.2d Graphics/color driver for pdftex
))
\Gin@req@height=\dimen161
\Gin@req@width=\dimen162
)
(C:\Users\Alberto\AppData\Local\Programs\MiKTeX\tex/latex/pdfpages\pdfpages.sty
Package: pdfpages 2026/03/30 v0.6h Insert pages of external PDF documents (AM)
(C:\Users\Alberto\AppData\Local\Programs\MiKTeX\tex/latex/base\ifthen.sty
Package: ifthen 2024/03/16 v1.1e Standard LaTeX ifthen package (DPC)
)
(C:\Users\Alberto\AppData\Local\Programs\MiKTeX\tex/latex/tools\calc.sty
Package: calc 2025/03/01 v4.3b Infix arithmetic (KKT,FJ)
\calc@Acount=\count298
\calc@Bcount=\count299
\calc@Adimen=\dimen163
\calc@Bdimen=\dimen164
\calc@Askip=\skip54
\calc@Bskip=\skip55
LaTeX Info: Redefining \setlength on input line 86.
LaTeX Info: Redefining \addtolength on input line 87.
\calc@Ccount=\count300
\calc@Cskip=\skip56
)
(C:\Users\Alberto\AppData\Local\Programs\MiKTeX\tex/latex/eso-pic\eso-pic.sty
Package: eso-pic 2025/12/10 v3.0d eso-pic (RN)
\ESO@tempdima=\dimen165
\ESO@tempdimb=\dimen166

(C:\Users\Alberto\AppData\Local\Programs\MiKTeX\tex/latex/xcolor\xcolor.sty
Package: xcolor 2024/09/29 v3.02 LaTeX color extensions (UK)

(C:\Users\Alberto\AppData\Local\Programs\MiKTeX\tex/latex/graphics-cfg\color.cf
g
File: color.cfg 2016/01/02 v1.6 sample color configuration
)
Package xcolor Info: Driver file: pdftex.def on input line 274.

(C:\Users\Alberto\AppData\Local\Programs\MiKTeX\tex/latex/graphics\mathcolor.lt
x)
Package xcolor Info: Model `cmy' substituted by `cmy0' on input line 1349.
Package xcolor Info: Model `hsb' substituted by `rgb' on input line 1353.
Package xcolor Info: Model `RGB' extended on input line 1365.
Package xcolor Info: Model `HTML' substituted by `rgb' on input line 1367.
Package xcolor Info: Model `Hsb' substituted by `hsb' on input line 1368.
Package xcolor Info: Model `tHsb' substituted by `hsb' on input line 1369.
Package xcolor Info: Model `HSB' substituted by `hsb' on input line 1370.
Package xcolor Info: Model `Gray' substituted by `gray' on input line 1371.
Package xcolor Info: Model `wave' substituted by `hsb' on input line 1372.
))
(C:\Users\Alberto\AppData\Local\Programs\MiKTeX\tex/latex/etoolbox\etoolbox.sty
Package: etoolbox 2025/10/02 v2.5m e-TeX tools for LaTeX (JAW)
\etb@tempcnta=\count301
)
\AM@pagewidth=\dimen167
\AM@pageheight=\dimen168
\AM@fboxrule=\dimen169

(C:\Users\Alberto\AppData\Local\Programs\MiKTeX\tex/latex/pdfpages\pppdftex.def
File: pppdftex.def 2026/03/30 v0.6h Pdfpages driver for pdfTeX (AM)
)
\pdfpages@includegraphics@status=\count302
\AM@pagebox=\box55
\AM@global@opts=\toks26
\AM@pagecnt=\count303
\AM@toc@title=\toks27
\AM@lof@heading=\toks28
\c@AM@survey=\count304
\AM@templatesizebox=\box56
)
(C:\Users\Alberto\AppData\Local\Programs\MiKTeX\tex/latex/pdflscape\pdflscape.s
ty
Package: pdflscape 2022-10-27 v0.13 Display of landscape pages in PDF

(C:\Users\Alberto\AppData\Local\Programs\MiKTeX\tex/latex/pdflscape\pdflscape-n
ometadata.sty
Package: pdflscape-nometadata 2022-10-28 v0.13 Display of landscape pages in PD
F (HO)

(C:\Users\Alberto\AppData\Local\Programs\MiKTeX\tex/generic/iftex\iftex.sty
Package: iftex 2024/12/12 v1.0g TeX engine tests
)
(C:\Users\Alberto\AppData\Local\Programs\MiKTeX\tex/latex/graphics\lscape.sty
Package: lscape 2020/05/28 v3.02 Landscape Pages (DPC)
)
Package pdflscape Info: Auto-detected driver: pdftex on input line 81.
))
(C:\Users\Alberto\AppData\Local\Programs\MiKTeX\tex/latex/booktabs\booktabs.sty
Package: booktabs 2020/01/12 v1.61803398 Publication quality tables
\heavyrulewidth=\dimen170
\lightrulewidth=\dimen171
\cmidrulewidth=\dimen172
\belowrulesep=\dimen173
\belowbottomsep=\dimen174
\aboverulesep=\dimen175
\abovetopsep=\dimen176
\cmidrulesep=\dimen177
\cmidrulekern=\dimen178
\defaultaddspace=\dimen179
\@cmidla=\count305
\@cmidlb=\count306
\@aboverulesep=\dimen180
\@belowrulesep=\dimen181
\@thisruleclass=\count307
\@lastruleclass=\count308
\@thisrulewidth=\dimen182
) (C:\Users\Alberto\AppData\Local\Programs\MiKTeX\tex/latex/tools\tabularx.sty
Package: tabularx 2023/12/11 v2.12a `tabularx' package (DPC)

(C:\Users\Alberto\AppData\Local\Programs\MiKTeX\tex/latex/tools\array.sty
Package: array 2025/06/08 v2.6j Tabular extension package (FMi)
\col@sep=\dimen183
\ar@mcellbox=\box57
\extrarowheight=\dimen184
\NC@list=\toks29
\extratabsurround=\skip57
\backup@length=\skip58
\ar@cellbox=\box58
)
\TX@col@width=\dimen185
\TX@old@table=\dimen186
\TX@old@col=\dimen187
\TX@target=\dimen188
\TX@delta=\dimen189
\TX@cols=\count309
\TX@ftn=\toks30
)
(C:\Users\Alberto\AppData\Local\Programs\MiKTeX\tex/latex/float\float.sty
Package: float 2001/11/08 v1.3d Float enhancements (AL)
\c@float@type=\count310
\float@exts=\toks31
\float@box=\box59
\@float@everytoks=\toks32
\@floatcapt=\box60
)
(C:\Users\Alberto\AppData\Local\Programs\MiKTeX\tex/latex/caption\caption.sty
Package: caption 2023/08/05 v3.6o Customizing captions (AR)

(C:\Users\Alberto\AppData\Local\Programs\MiKTeX\tex/latex/caption\caption3.sty
Package: caption3 2023/07/31 v2.4d caption3 kernel (AR)
\caption@tempdima=\dimen190
\captionmargin=\dimen191
\caption@leftmargin=\dimen192
\caption@rightmargin=\dimen193
\caption@width=\dimen194
\caption@indent=\dimen195
\caption@parindent=\dimen196
\caption@hangindent=\dimen197
Package caption Info: Standard document class detected.
)
\c@caption@flags=\count311
\c@continuedfloat=\count312
Package caption Info: float package is loaded.
)
(C:\Users\Alberto\AppData\Local\Programs\MiKTeX\tex/latex/caption\subcaption.st
y
Package: subcaption 2023/07/28 v1.6b Sub-captions (AR)
Package caption Info: New subtype `subfigure' on input line 238.
\c@subfigure=\count313
Package caption Info: New subtype `subtable' on input line 238.
\c@subtable=\count314
)
(C:\Users\Alberto\AppData\Local\Programs\MiKTeX\tex/latex/siunitx\siunitx.sty
Package: siunitx 2026-04-15 v3.5.4 A comprehensive (SI) units package
\l__siunitx_number_uncert_offset_int=\count315
\l__siunitx_number_exponent_fixed_int=\count316
\l__siunitx_number_min_decimal_int=\count317
\l__siunitx_number_min_integer_int=\count318
\l__siunitx_number_round_precision_int=\count319
\l__siunitx_number_lower_threshold_int=\count320
\l__siunitx_number_upper_threshold_int=\count321
\l__siunitx_number_group_first_int=\count322
\l__siunitx_number_group_size_int=\count323
\l__siunitx_number_group_min_int=\count324
\l__siunitx_number_group_minimum_int=\count325
\l__siunitx_compound_count_int=\count326

(C:\Users\Alberto\AppData\Local\Programs\MiKTeX\tex/latex/translations\translat
ions.sty
Package: translations 2022/02/05 v1.12 internationalization of LaTeX2e packages
 (CN)

(C:\Users\Alberto\AppData\Local\Programs\MiKTeX\tex/generic/pdftexcmds\pdftexcm
ds.sty
Package: pdftexcmds 2020-06-27 v0.33 Utility functions of pdfTeX for LuaTeX (HO
)

(C:\Users\Alberto\AppData\Local\Programs\MiKTeX\tex/generic/infwarerr\infwarerr
.sty
Package: infwarerr 2019/12/03 v1.5 Providing info/warning/error messages (HO)
)
(C:\Users\Alberto\AppData\Local\Programs\MiKTeX\tex/generic/ltxcmds\ltxcmds.sty
Package: ltxcmds 2023-12-04 v1.26 LaTeX kernel commands for general use (HO)
)
Package pdftexcmds Info: \pdf@primitive is available.
Package pdftexcmds Info: \pdf@ifprimitive is available.
Package pdftexcmds Info: \pdfdraftmode found.
))
\l__siunitx_table_tmp_box=\box61
\l__siunitx_table_tmp_dim=\dimen198
\l__siunitx_table_column_width_dim=\dimen199
\l__siunitx_table_integer_box=\box62
\l__siunitx_table_decimal_box=\box63
\l__siunitx_table_uncert_box=\box64
\l__siunitx_table_before_box=\box65
\l__siunitx_table_after_box=\box66
\l__siunitx_table_before_dim=\dimen256
\l__siunitx_table_carry_dim=\dimen257
\l__siunitx_unit_tmp_int=\count327
\l__siunitx_unit_position_int=\count328
\l__siunitx_unit_total_int=\count329
\l__siunitx_sexagesimal_tmp_dim=\dimen258
\l__siunitx_sexagesimal_marker_box=\box67
\l__siunitx_sexagesimal_unit_box=\box68
)
(C:\Users\Alberto\AppData\Local\Programs\MiKTeX\tex/latex/geometry\geometry.sty
Package: geometry 2026/03/07 v6.0 Page Geometry
(C:\Users\Alberto\AppData\Local\Programs\MiKTeX\tex/generic/iftex\ifvtex.sty
Package: ifvtex 2019/10/25 v1.7 ifvtex legacy package. Use iftex instead.
)
\Gm@cnth=\count330
\Gm@cntv=\count331
\c@Gm@tempcnt=\count332
\Gm@bindingoffset=\dimen259
\Gm@wd@mp=\dimen260
\Gm@odd@mp=\dimen261
\Gm@even@mp=\dimen262
\Gm@layoutwidth=\dimen263
\Gm@layoutheight=\dimen264
\Gm@layouthoffset=\dimen265
\Gm@layoutvoffset=\dimen266
\Gm@dimlist=\toks33

(C:\Users\Alberto\AppData\Local\Programs\MiKTeX\tex/latex/geometry\geometry.cfg
))
(C:\Users\Alberto\AppData\Local\Programs\MiKTeX\tex/latex/setspace\setspace.sty
Package: setspace 2022/12/04 v6.7b set line spacing
)
(C:\Users\Alberto\AppData\Local\Programs\MiKTeX\tex/latex/titlesec\titlesec.sty
Package: titlesec 2025/01/04 v2.17 Sectioning titles
\ttl@box=\box69
\beforetitleunit=\skip59
\aftertitleunit=\skip60
\ttl@plus=\dimen267
\ttl@minus=\dimen268
\ttl@toksa=\toks34
\titlewidth=\dimen269
\titlewidthlast=\dimen270
\titlewidthfirst=\dimen271
)
(C:\Users\Alberto\AppData\Local\Programs\MiKTeX\tex/latex/fancyhdr\fancyhdr.sty
Package: fancyhdr 2025/02/07 v5.2 Extensive control of page headers and footers

\f@nch@headwidth=\skip61
\f@nch@offset@elh=\skip62
\f@nch@offset@erh=\skip63
\f@nch@offset@olh=\skip64
\f@nch@offset@orh=\skip65
\f@nch@offset@elf=\skip66
\f@nch@offset@erf=\skip67
\f@nch@offset@olf=\skip68
\f@nch@offset@orf=\skip69
\f@nch@height=\skip70
\f@nch@footalignment=\skip71
\f@nch@widthL=\skip72
\f@nch@widthC=\skip73
\f@nch@widthR=\skip74
\@temptokenb=\toks35
)
(C:\Users\Alberto\AppData\Local\Programs\MiKTeX\tex/latex/enumitem\enumitem.sty
Package: enumitem 2025/02/06 v3.11 Customized lists
\labelindent=\skip75
\enit@outerparindent=\dimen272
\enit@toks=\toks36
\enit@inbox=\box70
\enit@count@id=\count333
\enitdp@description=\count334
)
(C:\Users\Alberto\AppData\Local\Programs\MiKTeX\tex/latex/lastpage\lastpage.sty
Package: lastpage 2025/08/14 v2.1h lastpage: 2.09 or 2e? (HMM)

(C:\Users\Alberto\AppData\Local\Programs\MiKTeX\tex/latex/lastpage\lastpage2e.s
ty
Package: lastpage2e 2025/08/14 v2.1h Decide which 2e lastpage version to use (H
MM)

(C:\Users\Alberto\AppData\Local\Programs\MiKTeX\tex/latex/lastpage\lastpagemode
rn.sty
Package: lastpagemodern 2025-08-14 v2.1h Refers to last page's name (HMM; JPG)
\c@lastpagecount=\count335
) 
))
(C:\Users\Alberto\AppData\Local\Programs\MiKTeX\tex/latex/tocloft\tocloft.sty
Package: tocloft 2017/08/31 v2.3i parameterised ToC, etc., typesetting
Package tocloft Info: The document has section divisions on input line 51.
\cftparskip=\skip76
\cftbeforetoctitleskip=\skip77
\cftaftertoctitleskip=\skip78
\cftbeforepartskip=\skip79
\cftpartnumwidth=\skip80
\cftpartindent=\skip81
\cftbeforesecskip=\skip82
\cftsecindent=\skip83
\cftsecnumwidth=\skip84
\cftbeforesubsecskip=\skip85
\cftsubsecindent=\skip86
\cftsubsecnumwidth=\skip87
\cftbeforesubsubsecskip=\skip88
\cftsubsubsecindent=\skip89
\cftsubsubsecnumwidth=\skip90
\cftbeforeparaskip=\skip91
\cftparaindent=\skip92
\cftparanumwidth=\skip93
\cftbeforesubparaskip=\skip94
\cftsubparaindent=\skip95
\cftsubparanumwidth=\skip96
\cftbeforeloftitleskip=\skip97
\cftafterloftitleskip=\skip98
\cftbeforefigskip=\skip99
\cftfigindent=\skip100
\cftfignumwidth=\skip101
\c@lofdepth=\count336
\c@lotdepth=\count337
\cftbeforelottitleskip=\skip102
\cftafterlottitleskip=\skip103
\cftbeforetabskip=\skip104
\cfttabindent=\skip105
\cfttabnumwidth=\skip106
)
(C:\Users\Alberto\AppData\Local\Programs\MiKTeX\tex/latex/chngcntr\chngcntr.sty
Package: chngcntr 2018/04/09 v1.1a change counter resetting
Package chngcntr Info: \counterwithout already defined.
(chngcntr)             Quitting chngcntr on input line 21.
)
(C:\Users\Alberto\AppData\Local\Programs\MiKTeX\tex/latex/tcolorbox\tcolorbox.s
ty
Package: tcolorbox 2025/11/28 version 6.9.0 text color boxes

(C:\Users\Alberto\AppData\Local\Programs\MiKTeX\tex/latex/pgf/frontendlayer\tik
z.sty
(C:\Users\Alberto\AppData\Local\Programs\MiKTeX\tex/latex/pgf/basiclayer\pgf.st
y
(C:\Users\Alberto\AppData\Local\Programs\MiKTeX\tex/latex/pgf/utilities\pgfrcs.
sty
(C:\Users\Alberto\AppData\Local\Programs\MiKTeX\tex/generic/pgf/utilities\pgfut
il-common.tex
\pgfutil@everybye=\toks37
\pgfutil@tempdima=\dimen273
\pgfutil@tempdimb=\dimen274
)
(C:\Users\Alberto\AppData\Local\Programs\MiKTeX\tex/generic/pgf/utilities\pgfut
il-latex.def
\pgfutil@abb=\box71
)
(C:\Users\Alberto\AppData\Local\Programs\MiKTeX\tex/generic/pgf/utilities\pgfrc
s.code.tex
(C:\Users\Alberto\AppData\Local\Programs\MiKTeX\tex/generic/pgf\pgf.revision.te
x)
Package: pgfrcs 2025-08-29 v3.1.11a (3.1.11a)
))
Package: pgf 2025-08-29 v3.1.11a (3.1.11a)

(C:\Users\Alberto\AppData\Local\Programs\MiKTeX\tex/latex/pgf/basiclayer\pgfcor
e.sty
(C:\Users\Alberto\AppData\Local\Programs\MiKTeX\tex/latex/pgf/systemlayer\pgfsy
s.sty
(C:\Users\Alberto\AppData\Local\Programs\MiKTeX\tex/generic/pgf/systemlayer\pgf
sys.code.tex
Package: pgfsys 2025-08-29 v3.1.11a (3.1.11a)

(C:\Users\Alberto\AppData\Local\Programs\MiKTeX\tex/generic/pgf/utilities\pgfke
ys.code.tex
\pgfkeys@pathtoks=\toks38
\pgfkeys@temptoks=\toks39

(C:\Users\Alberto\AppData\Local\Programs\MiKTeX\tex/generic/pgf/utilities\pgfke
yslibraryfiltered.code.tex
\pgfkeys@tmptoks=\toks40
))
\pgf@x=\dimen275
\pgf@y=\dimen276
\pgf@xa=\dimen277
\pgf@ya=\dimen278
\pgf@xb=\dimen279
\pgf@yb=\dimen280
\pgf@xc=\dimen281
\pgf@yc=\dimen282
\pgf@xd=\dimen283
\pgf@yd=\dimen284
\w@pgf@writea=\write3
\r@pgf@reada=\read3
\c@pgf@counta=\count338
\c@pgf@countb=\count339
\c@pgf@countc=\count340
\c@pgf@countd=\count341
\t@pgf@toka=\toks41
\t@pgf@tokb=\toks42
\t@pgf@tokc=\toks43
\pgf@sys@id@count=\count342

(C:\Users\Alberto\AppData\Local\Programs\MiKTeX\tex/generic/pgf/systemlayer\pgf
.cfg
File: pgf.cfg 2025-08-29 v3.1.11a (3.1.11a)
)
Driver file for pgf: pgfsys-pdftex.def

(C:\Users\Alberto\AppData\Local\Programs\MiKTeX\tex/generic/pgf/systemlayer\pgf
sys-pdftex.def
File: pgfsys-pdftex.def 2025-08-29 v3.1.11a (3.1.11a)

(C:\Users\Alberto\AppData\Local\Programs\MiKTeX\tex/generic/pgf/systemlayer\pgf
sys-common-pdf.def
File: pgfsys-common-pdf.def 2025-08-29 v3.1.11a (3.1.11a)
)))
(C:\Users\Alberto\AppData\Local\Programs\MiKTeX\tex/generic/pgf/systemlayer\pgf
syssoftpath.code.tex
File: pgfsyssoftpath.code.tex 2025-08-29 v3.1.11a (3.1.11a)
\pgfsyssoftpath@smallbuffer@items=\count343
\pgfsyssoftpath@bigbuffer@items=\count344
)
(C:\Users\Alberto\AppData\Local\Programs\MiKTeX\tex/generic/pgf/systemlayer\pgf
sysprotocol.code.tex
File: pgfsysprotocol.code.tex 2025-08-29 v3.1.11a (3.1.11a)
))
(C:\Users\Alberto\AppData\Local\Programs\MiKTeX\tex/generic/pgf/basiclayer\pgfc
ore.code.tex
Package: pgfcore 2025-08-29 v3.1.11a (3.1.11a)

(C:\Users\Alberto\AppData\Local\Programs\MiKTeX\tex/generic/pgf/math\pgfmath.co
de.tex
(C:\Users\Alberto\AppData\Local\Programs\MiKTeX\tex/generic/pgf/math\pgfmathuti
l.code.tex)
(C:\Users\Alberto\AppData\Local\Programs\MiKTeX\tex/generic/pgf/math\pgfmathpar
ser.code.tex
\pgfmath@dimen=\dimen285
\pgfmath@count=\count345
\pgfmath@box=\box72
\pgfmath@toks=\toks44
\pgfmath@stack@operand=\toks45
\pgfmath@stack@operation=\toks46
)
(C:\Users\Alberto\AppData\Local\Programs\MiKTeX\tex/generic/pgf/math\pgfmathfun
ctions.code.tex)
(C:\Users\Alberto\AppData\Local\Programs\MiKTeX\tex/generic/pgf/math\pgfmathfun
ctions.basic.code.tex)
(C:\Users\Alberto\AppData\Local\Programs\MiKTeX\tex/generic/pgf/math\pgfmathfun
ctions.trigonometric.code.tex)
(C:\Users\Alberto\AppData\Local\Programs\MiKTeX\tex/generic/pgf/math\pgfmathfun
ctions.random.code.tex)
(C:\Users\Alberto\AppData\Local\Programs\MiKTeX\tex/generic/pgf/math\pgfmathfun
ctions.comparison.code.tex)
(C:\Users\Alberto\AppData\Local\Programs\MiKTeX\tex/generic/pgf/math\pgfmathfun
ctions.base.code.tex)
(C:\Users\Alberto\AppData\Local\Programs\MiKTeX\tex/generic/pgf/math\pgfmathfun
ctions.round.code.tex)
(C:\Users\Alberto\AppData\Local\Programs\MiKTeX\tex/generic/pgf/math\pgfmathfun
ctions.misc.code.tex)
(C:\Users\Alberto\AppData\Local\Programs\MiKTeX\tex/generic/pgf/math\pgfmathfun
ctions.integerarithmetics.code.tex)
(C:\Users\Alberto\AppData\Local\Programs\MiKTeX\tex/generic/pgf/math\pgfmathcal
c.code.tex)
(C:\Users\Alberto\AppData\Local\Programs\MiKTeX\tex/generic/pgf/math\pgfmathflo
at.code.tex
\c@pgfmathroundto@lastzeros=\count346
))
(C:\Users\Alberto\AppData\Local\Programs\MiKTeX\tex/generic/pgf/math\pgfint.cod
e.tex)
(C:\Users\Alberto\AppData\Local\Programs\MiKTeX\tex/generic/pgf/basiclayer\pgfc
orepoints.code.tex
File: pgfcorepoints.code.tex 2025-08-29 v3.1.11a (3.1.11a)
\pgf@picminx=\dimen286
\pgf@picmaxx=\dimen287
\pgf@picminy=\dimen288
\pgf@picmaxy=\dimen289
\pgf@pathminx=\dimen290
\pgf@pathmaxx=\dimen291
\pgf@pathminy=\dimen292
\pgf@pathmaxy=\dimen293
\pgf@xx=\dimen294
\pgf@xy=\dimen295
\pgf@yx=\dimen296
\pgf@yy=\dimen297
\pgf@zx=\dimen298
\pgf@zy=\dimen299
)
(C:\Users\Alberto\AppData\Local\Programs\MiKTeX\tex/generic/pgf/basiclayer\pgfc
orepathconstruct.code.tex
File: pgfcorepathconstruct.code.tex 2025-08-29 v3.1.11a (3.1.11a)
\pgf@path@lastx=\dimen300
\pgf@path@lasty=\dimen301
)
(C:\Users\Alberto\AppData\Local\Programs\MiKTeX\tex/generic/pgf/basiclayer\pgfc
orepathusage.code.tex
File: pgfcorepathusage.code.tex 2025-08-29 v3.1.11a (3.1.11a)
\pgf@shorten@end@additional=\dimen302
\pgf@shorten@start@additional=\dimen303
)
(C:\Users\Alberto\AppData\Local\Programs\MiKTeX\tex/generic/pgf/basiclayer\pgfc
orescopes.code.tex
File: pgfcorescopes.code.tex 2025-08-29 v3.1.11a (3.1.11a)
\pgfpic=\box73
\pgf@hbox=\box74
\pgf@layerbox@main=\box75
\pgf@picture@serial@count=\count347
)
(C:\Users\Alberto\AppData\Local\Programs\MiKTeX\tex/generic/pgf/basiclayer\pgfc
oregraphicstate.code.tex
File: pgfcoregraphicstate.code.tex 2025-08-29 v3.1.11a (3.1.11a)
\pgflinewidth=\dimen304
)
(C:\Users\Alberto\AppData\Local\Programs\MiKTeX\tex/generic/pgf/basiclayer\pgfc
oretransformations.code.tex
File: pgfcoretransformations.code.tex 2025-08-29 v3.1.11a (3.1.11a)
\pgf@pt@x=\dimen305
\pgf@pt@y=\dimen306
\pgf@pt@temp=\dimen307
)
(C:\Users\Alberto\AppData\Local\Programs\MiKTeX\tex/generic/pgf/basiclayer\pgfc
orequick.code.tex
File: pgfcorequick.code.tex 2025-08-29 v3.1.11a (3.1.11a)
)
(C:\Users\Alberto\AppData\Local\Programs\MiKTeX\tex/generic/pgf/basiclayer\pgfc
oreobjects.code.tex
File: pgfcoreobjects.code.tex 2025-08-29 v3.1.11a (3.1.11a)
)
(C:\Users\Alberto\AppData\Local\Programs\MiKTeX\tex/generic/pgf/basiclayer\pgfc
orepathprocessing.code.tex
File: pgfcorepathprocessing.code.tex 2025-08-29 v3.1.11a (3.1.11a)
)
(C:\Users\Alberto\AppData\Local\Programs\MiKTeX\tex/generic/pgf/basiclayer\pgfc
orearrows.code.tex
File: pgfcorearrows.code.tex 2025-08-29 v3.1.11a (3.1.11a)
\pgfarrowsep=\dimen308
)
(C:\Users\Alberto\AppData\Local\Programs\MiKTeX\tex/generic/pgf/basiclayer\pgfc
oreshade.code.tex
File: pgfcoreshade.code.tex 2025-08-29 v3.1.11a (3.1.11a)
\pgf@max=\dimen309
\pgf@sys@shading@range@num=\count348
\pgf@shadingcount=\count349
)
(C:\Users\Alberto\AppData\Local\Programs\MiKTeX\tex/generic/pgf/basiclayer\pgfc
oreimage.code.tex
File: pgfcoreimage.code.tex 2025-08-29 v3.1.11a (3.1.11a)
)
(C:\Users\Alberto\AppData\Local\Programs\MiKTeX\tex/generic/pgf/basiclayer\pgfc
oreexternal.code.tex
File: pgfcoreexternal.code.tex 2025-08-29 v3.1.11a (3.1.11a)
\pgfexternal@startupbox=\box76
)
(C:\Users\Alberto\AppData\Local\Programs\MiKTeX\tex/generic/pgf/basiclayer\pgfc
orelayers.code.tex
File: pgfcorelayers.code.tex 2025-08-29 v3.1.11a (3.1.11a)
)
(C:\Users\Alberto\AppData\Local\Programs\MiKTeX\tex/generic/pgf/basiclayer\pgfc
oretransparency.code.tex
File: pgfcoretransparency.code.tex 2025-08-29 v3.1.11a (3.1.11a)
)
(C:\Users\Alberto\AppData\Local\Programs\MiKTeX\tex/generic/pgf/basiclayer\pgfc
orepatterns.code.tex
File: pgfcorepatterns.code.tex 2025-08-29 v3.1.11a (3.1.11a)
)
(C:\Users\Alberto\AppData\Local\Programs\MiKTeX\tex/generic/pgf/basiclayer\pgfc
orerdf.code.tex
File: pgfcorerdf.code.tex 2025-08-29 v3.1.11a (3.1.11a)
)))
(C:\Users\Alberto\AppData\Local\Programs\MiKTeX\tex/generic/pgf/modules\pgfmodu
leshapes.code.tex
File: pgfmoduleshapes.code.tex 2025-08-29 v3.1.11a (3.1.11a)
\pgfnodeparttextbox=\box77
)
(C:\Users\Alberto\AppData\Local\Programs\MiKTeX\tex/generic/pgf/modules\pgfmodu
leplot.code.tex
File: pgfmoduleplot.code.tex 2025-08-29 v3.1.11a (3.1.11a)
)
(C:\Users\Alberto\AppData\Local\Programs\MiKTeX\tex/latex/pgf/compatibility\pgf
comp-version-0-65.sty
Package: pgfcomp-version-0-65 2025-08-29 v3.1.11a (3.1.11a)
\pgf@nodesepstart=\dimen310
\pgf@nodesepend=\dimen311
)
(C:\Users\Alberto\AppData\Local\Programs\MiKTeX\tex/latex/pgf/compatibility\pgf
comp-version-1-18.sty
Package: pgfcomp-version-1-18 2025-08-29 v3.1.11a (3.1.11a)
))
(C:\Users\Alberto\AppData\Local\Programs\MiKTeX\tex/latex/pgf/utilities\pgffor.
sty
(C:\Users\Alberto\AppData\Local\Programs\MiKTeX\tex/latex/pgf/utilities\pgfkeys
.sty
(C:\Users\Alberto\AppData\Local\Programs\MiKTeX\tex/generic/pgf/utilities\pgfke
ys.code.tex))
(C:\Users\Alberto\AppData\Local\Programs\MiKTeX\tex/latex/pgf/math\pgfmath.sty
(C:\Users\Alberto\AppData\Local\Programs\MiKTeX\tex/generic/pgf/math\pgfmath.co
de.tex))
(C:\Users\Alberto\AppData\Local\Programs\MiKTeX\tex/generic/pgf/utilities\pgffo
r.code.tex
Package: pgffor 2025-08-29 v3.1.11a (3.1.11a)
\pgffor@iter=\dimen312
\pgffor@skip=\dimen313
\pgffor@stack=\toks47
\pgffor@toks=\toks48
))
(C:\Users\Alberto\AppData\Local\Programs\MiKTeX\tex/generic/pgf/frontendlayer/t
ikz\tikz.code.tex
Package: tikz 2025-08-29 v3.1.11a (3.1.11a)

(C:\Users\Alberto\AppData\Local\Programs\MiKTeX\tex/generic/pgf/libraries\pgfli
braryplothandlers.code.tex
File: pgflibraryplothandlers.code.tex 2025-08-29 v3.1.11a (3.1.11a)
\pgf@plot@mark@count=\count350
\pgfplotmarksize=\dimen314
)
\tikz@lastx=\dimen315
\tikz@lasty=\dimen316
\tikz@lastxsaved=\dimen317
\tikz@lastysaved=\dimen318
\tikz@lastmovetox=\dimen319
\tikz@lastmovetoy=\dimen320
\tikzleveldistance=\dimen321
\tikzsiblingdistance=\dimen322
\tikz@figbox=\box78
\tikz@figbox@bg=\box79
\tikz@tempbox=\box80
\tikz@tempbox@bg=\box81
\tikztreelevel=\count351
\tikznumberofchildren=\count352
\tikznumberofcurrentchild=\count353
\tikz@fig@count=\count354

(C:\Users\Alberto\AppData\Local\Programs\MiKTeX\tex/generic/pgf/modules\pgfmodu
lematrix.code.tex
File: pgfmodulematrix.code.tex 2025-08-29 v3.1.11a (3.1.11a)
\pgfmatrixcurrentrow=\count355
\pgfmatrixcurrentcolumn=\count356
\pgf@matrix@numberofcolumns=\count357
)
\tikz@expandcount=\count358

(C:\Users\Alberto\AppData\Local\Programs\MiKTeX\tex/generic/pgf/frontendlayer/t
ikz/libraries\tikzlibrarytopaths.code.tex
File: tikzlibrarytopaths.code.tex 2025-08-29 v3.1.11a (3.1.11a)
)))
(C:\Users\Alberto\AppData\Local\Programs\MiKTeX\tex/latex/tools\verbatim.sty
Package: verbatim 2024-01-22 v1.5x LaTeX2e package for verbatim enhancements
\every@verbatim=\toks49
\verbatim@line=\toks50
\verbatim@in@stream=\read4
)
(C:\Users\Alberto\AppData\Local\Programs\MiKTeX\tex/latex/environ\environ.sty
Package: environ 2014/05/04 v0.3 A new way to define environments

(C:\Users\Alberto\AppData\Local\Programs\MiKTeX\tex/latex/trimspaces\trimspaces
.sty
Package: trimspaces 2009/09/17 v1.1 Trim spaces around a token list
))
\tcb@titlebox=\box82
\tcb@upperbox=\box83
\tcb@lowerbox=\box84
\tcb@phantombox=\box85
\c@tcbbreakpart=\count359
\c@tcblayer=\count360
\c@tcolorbox@number=\count361
\l__tcobox_tmpa_box=\box86
\l__tcobox_tmpa_dim=\dimen323
\tcb@temp=\box87
\tcb@temp=\box88
\tcb@temp=\box89
\tcb@temp=\box90
)
(C:\Users\Alberto\AppData\Local\Programs\MiKTeX\tex/latex/csquotes\csquotes.sty
Package: csquotes 2024-04-04 v5.2o context-sensitive quotations (JAW)
\csq@reset=\count362
\csq@gtype=\count363
\csq@glevel=\count364
\csq@qlevel=\count365
\csq@maxlvl=\count366
\csq@tshold=\count367
\csq@ltx@everypar=\toks51

(C:\Users\Alberto\AppData\Local\Programs\MiKTeX\tex/latex/csquotes\csquotes.def
File: csquotes.def 2024-04-04 v5.2o csquotes generic definitions (JAW)
)
Package csquotes Info: Trying to load configuration file 'csquotes.cfg'...
Package csquotes Info: ... configuration file loaded successfully.

(C:\Users\Alberto\AppData\Local\Programs\MiKTeX\tex/latex/csquotes\csquotes.cfg
File: csquotes.cfg 
))
(C:\Users\Alberto\AppData\Local\Programs\MiKTeX\tex/latex/biblatex\biblatex.sty
Package: biblatex 2025/07/10 v3.21 programmable bibliographies (PK/MW)

(C:\Users\Alberto\AppData\Local\Programs\MiKTeX\tex/latex/kvoptions\kvoptions.s
ty
Package: kvoptions 2022-06-15 v3.15 Key value format for package options (HO)

(C:\Users\Alberto\AppData\Local\Programs\MiKTeX\tex/latex/kvsetkeys\kvsetkeys.s
ty
Package: kvsetkeys 2022-10-05 v1.19 Key value parser (HO)
))
(C:\Users\Alberto\AppData\Local\Programs\MiKTeX\tex/latex/logreq\logreq.sty
Package: logreq 2010/08/04 v1.0 xml request logger
\lrq@indent=\count368

(C:\Users\Alberto\AppData\Local\Programs\MiKTeX\tex/latex/logreq\logreq.def
File: logreq.def 2010/08/04 v1.0 logreq spec v1.0
))
(C:\Users\Alberto\AppData\Local\Programs\MiKTeX\tex/latex/url\url.sty
\Urlmuskip=\muskip18
Package: url 2013/09/16  ver 3.4  Verb mode for urls, etc.
)
\c@tabx@nest=\count369
\c@listtotal=\count370
\c@listcount=\count371
\c@liststart=\count372
\c@liststop=\count373
\c@citecount=\count374
\c@citetotal=\count375
\c@multicitecount=\count376
\c@multicitetotal=\count377
\c@instcount=\count378
\c@maxnames=\count379
\c@minnames=\count380
\c@maxitems=\count381
\c@minitems=\count382
\c@citecounter=\count383
\c@maxcitecounter=\count384
\c@savedcitecounter=\count385
\c@uniquelist=\count386
\c@uniquename=\count387
\c@refsection=\count388
\c@refsegment=\count389
\c@maxextratitle=\count390
\c@maxextratitleyear=\count391
\c@maxextraname=\count392
\c@maxextradate=\count393
\c@maxextraalpha=\count394
\c@abbrvpenalty=\count395
\c@highnamepenalty=\count396
\c@lownamepenalty=\count397
\c@maxparens=\count398
\c@parenlevel=\count399
\blx@tempcnta=\count400
\blx@tempcntb=\count401
\blx@tempcntc=\count402
\c@blx@maxsection=\count403
\blx@maxsegment@0=\count404
\blx@notetype=\count405
\blx@parenlevel@text=\count406
\blx@parenlevel@foot=\count407
\blx@sectionciteorder@0=\count408
\blx@sectionciteorderinternal@0=\count409
\blx@entrysetcounter=\count410
\blx@biblioinstance=\count411
\labelnumberwidth=\skip107
\labelalphawidth=\skip108
\biblabelsep=\skip109
\bibitemsep=\skip110
\bibnamesep=\skip111
\bibinitsep=\skip112
\bibparsep=\skip113
\bibhang=\skip114
\blx@bcfin=\read5
\blx@bcfout=\write4
\blx@langwohyphens=\language71
\c@mincomprange=\count412
\c@maxcomprange=\count413
\c@mincompwidth=\count414
Package biblatex Info: Trying to load biblatex default data model...
Package biblatex Info: ... file 'blx-dm.def' found.

(C:\Users\Alberto\AppData\Local\Programs\MiKTeX\tex/latex/biblatex\blx-dm.def
File: blx-dm.def 2025/07/10 v3.21 biblatex datamodel (PK/MW)
)
Package biblatex Info: Trying to load biblatex style data model...
Package biblatex Info: ... file 'ieee.dbx' not found.
Package biblatex Info: Trying to load biblatex custom data model...
Package biblatex Info: ... file 'biblatex-dm.cfg' not found.
\c@afterword=\count415
\c@savedafterword=\count416
\c@annotator=\count417
\c@savedannotator=\count418
\c@author=\count419
\c@savedauthor=\count420
\c@bookauthor=\count421
\c@savedbookauthor=\count422
\c@commentator=\count423
\c@savedcommentator=\count424
\c@editor=\count425
\c@savededitor=\count426
\c@editora=\count427
\c@savededitora=\count428
\c@editorb=\count429
\c@savededitorb=\count430
\c@editorc=\count431
\c@savededitorc=\count432
\c@foreword=\count433
\c@savedforeword=\count434
\c@holder=\count435
\c@savedholder=\count436
\c@introduction=\count437
\c@savedintroduction=\count438
\c@namea=\count439
\c@savednamea=\count440
\c@nameb=\count441
\c@savednameb=\count442
\c@namec=\count443
\c@savednamec=\count444
\c@translator=\count445
\c@savedtranslator=\count446
\c@shortauthor=\count447
\c@savedshortauthor=\count448
\c@shorteditor=\count449
\c@savedshorteditor=\count450
\c@labelname=\count451
\c@savedlabelname=\count452
\c@institution=\count453
\c@savedinstitution=\count454
\c@lista=\count455
\c@savedlista=\count456
\c@listb=\count457
\c@savedlistb=\count458
\c@listc=\count459
\c@savedlistc=\count460
\c@listd=\count461
\c@savedlistd=\count462
\c@liste=\count463
\c@savedliste=\count464
\c@listf=\count465
\c@savedlistf=\count466
\c@location=\count467
\c@savedlocation=\count468
\c@organization=\count469
\c@savedorganization=\count470
\c@origlocation=\count471
\c@savedoriglocation=\count472
\c@origpublisher=\count473
\c@savedorigpublisher=\count474
\c@publisher=\count475
\c@savedpublisher=\count476
\c@language=\count477
\c@savedlanguage=\count478
\c@origlanguage=\count479
\c@savedoriglanguage=\count480
\c@pageref=\count481
\c@savedpageref=\count482
\shorthandwidth=\skip115
\shortjournalwidth=\skip116
\shortserieswidth=\skip117
\shorttitlewidth=\skip118
\shortauthorwidth=\skip119
\shorteditorwidth=\skip120
\locallabelnumberwidth=\skip121
\locallabelalphawidth=\skip122
\localshorthandwidth=\skip123
\localshortjournalwidth=\skip124
\localshortserieswidth=\skip125
\localshorttitlewidth=\skip126
\localshortauthorwidth=\skip127
\localshorteditorwidth=\skip128
Package biblatex Info: Trying to load compatibility code...
Package biblatex Info: ... file 'blx-compat.def' found.

(C:\Users\Alberto\AppData\Local\Programs\MiKTeX\tex/latex/biblatex\blx-compat.d
ef
File: blx-compat.def 2025/07/10 v3.21 biblatex compatibility (PK/MW)
)
Package biblatex Info: Trying to load generic definitions...
Package biblatex Info: ... file 'biblatex.def' found.

(C:\Users\Alberto\AppData\Local\Programs\MiKTeX\tex/latex/biblatex\biblatex.def
File: biblatex.def 2025/07/10 v3.21 biblatex compatibility (PK/MW)
\c@textcitecount=\count483
\c@textcitetotal=\count484
\c@textcitemaxnames=\count485
\c@biburlbigbreakpenalty=\count486
\c@biburlbreakpenalty=\count487
\c@biburlnumpenalty=\count488
\c@biburlucpenalty=\count489
\c@biburllcpenalty=\count490
\biburlbigskip=\muskip19
\biburlnumskip=\muskip20
\biburlucskip=\muskip21
\biburllcskip=\muskip22
\c@smartand=\count491
)
Package biblatex Info: Trying to load bibliography style 'ieee'...
Package biblatex Info: ... file 'ieee.bbx' found.

(C:\Users\Alberto\AppData\Local\Programs\MiKTeX\tex/latex/biblatex-ieee\ieee.bb
x
File: ieee.bbx 2025-08-01 v1.4f biblatex bibliography style
Package biblatex Info: Trying to load bibliography style 'numeric-comp'...
Package biblatex Info: ... file 'numeric-comp.bbx' found.

(C:\Users\Alberto\AppData\Local\Programs\MiKTeX\tex/latex/biblatex/bbx\numeric-
comp.bbx
File: numeric-comp.bbx 2025/07/10 v3.21 biblatex bibliography style (PK/MW)
Package biblatex Info: Trying to load bibliography style 'numeric'...
Package biblatex Info: ... file 'numeric.bbx' found.

(C:\Users\Alberto\AppData\Local\Programs\MiKTeX\tex/latex/biblatex/bbx\numeric.
bbx
File: numeric.bbx 2025/07/10 v3.21 biblatex bibliography style (PK/MW)
Package biblatex Info: Trying to load bibliography style 'standard'...
Package biblatex Info: ... file 'standard.bbx' found.

(C:\Users\Alberto\AppData\Local\Programs\MiKTeX\tex/latex/biblatex/bbx\standard
.bbx
File: standard.bbx 2025/07/10 v3.21 biblatex bibliography style (PK/MW)
\c@bbx:relatedcount=\count492
\c@bbx:relatedtotal=\count493
))))
Package biblatex Info: Trying to load citation style 'ieee'...
Package biblatex Info: ... file 'ieee.cbx' found.

(C:\Users\Alberto\AppData\Local\Programs\MiKTeX\tex/latex/biblatex-ieee\ieee.cb
x
File: ieee.cbx 2025-08-01 v1.4f biblatex citation style
Package biblatex Info: Trying to load citation style 'numeric-verb'...
Package biblatex Info: ... file 'numeric-verb.cbx' found.

(C:\Users\Alberto\AppData\Local\Programs\MiKTeX\tex/latex/biblatex/cbx\numeric-
verb.cbx
File: numeric-verb.cbx 2025/07/10 v3.21 biblatex citation style (PK/MW)
Package biblatex Info: Redefining '\cite'.
Package biblatex Info: Redefining '\parencite'.
Package biblatex Info: Redefining '\footcite'.
Package biblatex Info: Redefining '\footcitetext'.
Package biblatex Info: Redefining '\smartcite'.
Package biblatex Info: Redefining '\textcite'.
Package biblatex Info: Redefining '\supercite'.
Package biblatex Info: Redefining '\parencites'.
Package biblatex Info: Redefining '\smartcites'.
Package biblatex Info: Redefining '\textcites'.
))
Package biblatex Info: Trying to load configuration file...
Package biblatex Info: ... file 'biblatex.cfg' found.

(C:\Users\Alberto\AppData\Local\Programs\MiKTeX\tex/latex/biblatex\biblatex.cfg
File: biblatex.cfg 
)
Package biblatex Info: Input encoding 'utf8' detected.
Package biblatex Info: Document encoding is UTF8 ....
 (C:\Users\Alberto\AppData\Local\Programs\MiKTeX\tex/latex/l3kernel\expl3.sty
Package: expl3 2026-03-20 L3 programming layer (loader) 

(C:\Users\Alberto\AppData\Local\Programs\MiKTeX\tex/latex/l3backend\l3backend-p
dftex.def
File: l3backend-pdftex.def 2026-02-18 L3 backend support: PDF output (pdfTeX)
\l__color_backend_stack_int=\count494
))
Package biblatex Info: ... and expl3
(biblatex)             2026-03-20 L3 programming layer (loader) 
(biblatex)             is new enough (at least 2020/04/06),
(biblatex)             setting 'casechanger=expl3'.

(C:\Users\Alberto\AppData\Local\Programs\MiKTeX\tex/latex/biblatex\blx-case-exp
l3.sty
(C:\Users\Alberto\AppData\Local\Programs\MiKTeX\tex/latex/l3packages/xparse\xpa
rse.sty
Package: xparse 2025-10-09 L3 Experimental document command parser
)
Package: blx-case-expl3 2025/07/10 v3.21 expl3 case changing code for biblatex
))
(C:\Users\Alberto\AppData\Local\Programs\MiKTeX\tex/latex/hyperref\hyperref.sty
Package: hyperref 2026-04-24 v7.01q Hypertext links for LaTeX

(C:\Users\Alberto\AppData\Local\Programs\MiKTeX\tex/generic/kvdefinekeys\kvdefi
nekeys.sty
Package: kvdefinekeys 2019-12-19 v1.6 Define keys (HO)
)
(C:\Users\Alberto\AppData\Local\Programs\MiKTeX\tex/generic/pdfescape\pdfescape
.sty
Package: pdfescape 2019/12/09 v1.15 Implements pdfTeX's escape features (HO)
)
(C:\Users\Alberto\AppData\Local\Programs\MiKTeX\tex/latex/hycolor\hycolor.sty
Package: hycolor 2020-01-27 v1.10 Color options for hyperref/bookmark (HO)
)
(C:\Users\Alberto\AppData\Local\Programs\MiKTeX\tex/latex/hyperref\nameref.sty
Package: nameref 2026-01-29 v2.58 Cross-referencing by name of section

(C:\Users\Alberto\AppData\Local\Programs\MiKTeX\tex/latex/refcount\refcount.sty
Package: refcount 2019/12/15 v3.6 Data extraction from label references (HO)
)
(C:\Users\Alberto\AppData\Local\Programs\MiKTeX\tex/generic/gettitlestring\gett
itlestring.sty
Package: gettitlestring 2019/12/15 v1.6 Cleanup title references (HO)
)
\c@section@level=\count495
)
(C:\Users\Alberto\AppData\Local\Programs\MiKTeX\tex/generic/stringenc\stringenc
.sty
Package: stringenc 2019/11/29 v1.12 Convert strings between diff. encodings (HO
)
)
\@linkdim=\dimen324
\Hy@linkcounter=\count496
\Hy@pagecounter=\count497

(C:\Users\Alberto\AppData\Local\Programs\MiKTeX\tex/latex/hyperref\pd1enc.def
File: pd1enc.def 2026-04-24 v7.01q Hyperref: PDFDocEncoding definition (HO)
Now handling font encoding PD1 ...
... no UTF-8 mapping file for font encoding PD1
)
(C:\Users\Alberto\AppData\Local\Programs\MiKTeX\tex/generic/intcalc\intcalc.sty
Package: intcalc 2019/12/15 v1.3 Expandable calculations with integers (HO)
)
\Hy@SavedSpaceFactor=\count498
 (C:\Users\Alberto\AppData\Local\Programs\MiKTeX\tex/latex/hyperref\puenc.def
File: puenc.def 2026-04-24 v7.01q Hyperref: PDF Unicode definition (HO)
Now handling font encoding PU ...
... no UTF-8 mapping file for font encoding PU
)
Package hyperref Info: Hyper figures OFF on input line 4199.
Package hyperref Info: Link nesting OFF on input line 4204.
Package hyperref Info: Hyper index ON on input line 4207.
Package hyperref Info: Plain pages OFF on input line 4214.
Package hyperref Info: Backreferencing OFF on input line 4219.
Package hyperref Info: Implicit mode ON; LaTeX internals redefined.
Package hyperref Info: Bookmarks ON on input line 4466.
\c@Hy@tempcnt=\count499
LaTeX Info: Redefining \url on input line 4805.
\XeTeXLinkMargin=\dimen325
(C:\Users\Alberto\AppData\Local\Programs\MiKTeX\tex/generic/bitset\bitset.sty
Package: bitset 2019/12/09 v1.3 Handle bit-vector datatype (HO)

(C:\Users\Alberto\AppData\Local\Programs\MiKTeX\tex/generic/bigintcalc\bigintca
lc.sty
Package: bigintcalc 2019/12/15 v1.5 Expandable calculations on big integers (HO
)
))
\Fld@menulength=\count500
\Field@Width=\dimen326
\Fld@charsize=\dimen327
Package hyperref Info: Hyper figures OFF on input line 6091.
Package hyperref Info: Link nesting OFF on input line 6096.
Package hyperref Info: Hyper index ON on input line 6099.
Package hyperref Info: backreferencing OFF on input line 6106.
Package hyperref Info: Link coloring OFF on input line 6111.
Package hyperref Info: Link coloring with OCG OFF on input line 6116.
Package hyperref Info: PDF/A mode OFF on input line 6121.
\Hy@abspage=\count501
\c@Item=\count502
\c@Hfootnote=\count503
)
Package hyperref Info: Driver (autodetected): hpdftex.

(C:\Users\Alberto\AppData\Local\Programs\MiKTeX\tex/latex/hyperref\hpdftex.def
File: hpdftex.def 2026-04-24 v7.01q Hyperref driver for pdfTeX
\Fld@listcount=\count504
\c@bookmark@seq@number=\count505

(C:\Users\Alberto\AppData\Local\Programs\MiKTeX\tex/latex/rerunfilecheck\rerunf
ilecheck.sty
Package: rerunfilecheck 2025-06-21 v1.11 Rerun checks for auxiliary files (HO)

(C:\Users\Alberto\AppData\Local\Programs\MiKTeX\tex/generic/uniquecounter\uniqu
ecounter.sty
Package: uniquecounter 2019/12/15 v1.4 Provide unlimited unique counter (HO)
)
Package uniquecounter Info: New unique counter `rerunfilecheck' on input line 2
84.
)
\Hy@SectionHShift=\skip129
)
Package hyperref Info: Option `colorlinks' set `true' on input line 96.
Package hyperref Info: Option `breaklinks' set `true' on input line 96.
Package hyperref Info: Option `plainpages' set `false' on input line 96.

(C:\Users\Alberto\AppData\Local\Programs\MiKTeX\tex/latex/cleveref\cleveref.sty
Package: cleveref 2018/03/27 v0.21.4 Intelligent cross-referencing
Package cleveref Info: `hyperref' support loaded on input line 2370.
LaTeX Info: Redefining \cref on input line 2370.
LaTeX Info: Redefining \Cref on input line 2370.
LaTeX Info: Redefining \crefrange on input line 2370.
LaTeX Info: Redefining \Crefrange on input line 2370.
LaTeX Info: Redefining \cpageref on input line 2370.
LaTeX Info: Redefining \Cpageref on input line 2370.
LaTeX Info: Redefining \cpagerefrange on input line 2370.
LaTeX Info: Redefining \Cpagerefrange on input line 2370.
LaTeX Info: Redefining \labelcref on input line 2370.
LaTeX Info: Redefining \labelcpageref on input line 2370.
Package cleveref Info: include cross-reference names in hyperlinks on input lin
e 7836.
Package cleveref Info: include cross-reference names in hyperlinks on input lin
e 7852.
)
==> First Aid for cleveref.sty applied!
\c@appendixcounter=\count506
)
Package csquotes Info: Checking for multilingual support...
Package csquotes Info: ... found 'babel' package.
Package csquotes Info: Adjusting default style.
Package csquotes Info: Redefining alias 'default' -> 'spanish'.
LaTeX Font Info:    Trying to load font information for T1+lmr on input line 11
.
 (C:\Users\Alberto\AppData\Local\Programs\MiKTeX\tex/latex/lm\t1lmr.fd
File: t1lmr.fd 2015/05/01 v1.6.1 Font defs for Latin Modern
)
(main_copy.aux
LaTeX Info: Redefining \. on input line 12.
LaTeX Info: Redefining \% on input line 12.
Package babel Info: 'spanish' activates 'spanish' shorthands.
(babel)             Reported on input line 12.
)
\openout1 = `main_copy.aux'.

LaTeX Font Info:    Checking defaults for OML/cmm/m/it on input line 11.
LaTeX Font Info:    ... okay on input line 11.
LaTeX Font Info:    Checking defaults for OMS/cmsy/m/n on input line 11.
LaTeX Font Info:    ... okay on input line 11.
LaTeX Font Info:    Checking defaults for OT1/cmr/m/n on input line 11.
LaTeX Font Info:    ... okay on input line 11.
LaTeX Font Info:    Checking defaults for T1/cmr/m/n on input line 11.
LaTeX Font Info:    ... okay on input line 11.
LaTeX Font Info:    Checking defaults for TS1/cmr/m/n on input line 11.
LaTeX Font Info:    ... okay on input line 11.
LaTeX Font Info:    Checking defaults for OMX/cmex/m/n on input line 11.
LaTeX Font Info:    ... okay on input line 11.
LaTeX Font Info:    Checking defaults for U/cmr/m/n on input line 11.
LaTeX Font Info:    ... okay on input line 11.
LaTeX Font Info:    Checking defaults for PD1/pdf/m/n on input line 11.
LaTeX Font Info:    ... okay on input line 11.
LaTeX Font Info:    Checking defaults for PU/pdf/m/n on input line 11.
LaTeX Font Info:    ... okay on input line 11.
LaTeX Info: Redefining \. on input line 11.
LaTeX Info: Redefining \% on input line 11.

(C:\Users\Alberto\AppData\Local\Programs\MiKTeX\tex/context/base/mkii\supp-pdf.
mkii
[Loading MPS to PDF converter (version 2006.09.02).]
\scratchcounter=\count507
\scratchdimen=\dimen328
\scratchbox=\box91
\nofMPsegments=\count508
\nofMParguments=\count509
\everyMPshowfont=\toks52
\MPscratchCnt=\count510
\MPscratchDim=\dimen329
\MPnumerator=\count511
\makeMPintoPDFobject=\count512
\everyMPtoPDFconversion=\toks53
)
(C:\Users\Alberto\AppData\Local\Programs\MiKTeX\tex/latex/epstopdf-pkg\epstopdf
-base.sty
Package: epstopdf-base 2020-01-24 v2.11 Base part for package epstopdf
Package epstopdf-base Info: Redefining graphics rule for `.eps' on input line 4
85.

(C:\Users\Alberto\AppData\Local\Programs\MiKTeX\tex/latex/00miktex\epstopdf-sys
.cfg
File: epstopdf-sys.cfg 2021/03/18 v2.0 Configuration of epstopdf for MiKTeX
))
Package caption Info: Begin \AtBeginDocument code.
Package caption Info: hyperref package is loaded.
Package caption Info: End \AtBeginDocument code.

(C:\Users\Alberto\AppData\Local\Programs\MiKTeX\tex/latex/translations/dicts\tr
anslations-basic-dictionary-spanish.trsl
File: translations-basic-dictionary-spanish.trsl (spanish translation file `tra
nslations-basic-dictionary')
)
Package translations Info: loading dictionary `translations-basic-dictionary' f
or `spanish'. on input line 11.

*geometry* driver: auto-detecting
*geometry* detected driver: pdftex
*geometry* verbose mode - [ preamble ] result:
* driver: pdftex
* paper: a4paper
* layout: <same size as paper>
* layoutoffset:(h,v)=(0.0pt,0.0pt)
* modes: 
* h-part:(L,W,R)=(71.13188pt, 455.24411pt, 71.13188pt)
* v-part:(T,H,B)=(79.6678pt, 685.71124pt, 79.6678pt)
* \paperwidth=597.50787pt
* \paperheight=845.04684pt
* \textwidth=455.24411pt
* \textheight=685.71124pt
* \oddsidemargin=-1.1381pt
* \evensidemargin=-1.1381pt
* \topmargin=-45.60219pt
* \headheight=28.0pt
* \headsep=25.0pt
* \topskip=12.0pt
* \footskip=30.0pt
* \marginparwidth=35.0pt
* \marginparsep=10.0pt
* \columnsep=10.0pt
* \skip\footins=10.8pt plus 4.0pt minus 2.0pt
* \hoffset=0.0pt
* \voffset=0.0pt
* \mag=1000
* \@twocolumnfalse
* \@twosidefalse
* \@mparswitchfalse
* \@reversemarginfalse
* (1in=72.27pt=25.4mm, 1cm=28.453pt)

Package biblatex Info: Trying to load language 'spanish'...
Package biblatex Info: ... file 'spanish.lbx' found.

(C:\Users\Alberto\AppData\Local\Programs\MiKTeX\tex/latex/biblatex/lbx\spanish.
lbx
File: spanish.lbx 2025/07/10 v3.21 biblatex localization (PK/MW)
)
Package biblatex Info: Input encoding 'utf8' detected.
Package biblatex Info: Automatic encoding selection.
(biblatex)             Assuming data encoding 'utf8'.
\openout4 = `main_copy.bcf'.

Package biblatex Info: Trying to load bibliographic data...
Package biblatex Info: ... file 'main_copy.bbl' found.
 (main_copy.bbl)
Package biblatex Info: Reference section=0 on input line 11.
Package biblatex Info: Reference segment=0 on input line 11.
Package hyperref Info: Link coloring ON on input line 11.
 (main_copy.out) (main_copy.out)
\@outlinefile=\write5
\openout5 = `main_copy.out'.

<Figuras/ule.jpg, id=96, 312.9291pt x 170.7981pt>
File: Figuras/ule.jpg Graphic file (type jpg)
<use Figuras/ule.jpg>
Package pdftex.def Info: Figuras/ule.jpg  used on input line 18.
(pdftex.def)             Requested size: 159.33821pt x 86.96774pt.
<Figuras/escudo-ingenierias.png, id=97, 519.9425pt x 595.22375pt>
File: Figuras/escudo-ingenierias.png Graphic file (type png)
<use Figuras/escudo-ingenierias.png>
Package pdftex.def Info: Figuras/escudo-ingenierias.png  used on input line 20.

(pdftex.def)             Requested size: 62.12859pt x 71.13188pt.
<Figuras/chimenea_recta.jpg, id=99, 118.041pt x 424.88737pt>
File: Figuras/chimenea_recta.jpg Graphic file (type jpg)
<use Figuras/chimenea_recta.jpg>
Package pdftex.def Info: Figuras/chimenea_recta.jpg  used on input line 35.
(pdftex.def)             Requested size: 71.14214pt x 256.0748pt.
LaTeX Font Info:    Trying to load font information for OT1+lmr on input line 4
2.

(C:\Users\Alberto\AppData\Local\Programs\MiKTeX\tex/latex/lm\ot1lmr.fd
File: ot1lmr.fd 2015/05/01 v1.6.1 Font defs for Latin Modern
)
LaTeX Font Info:    Trying to load font information for OML+lmm on input line 4
2.

(C:\Users\Alberto\AppData\Local\Programs\MiKTeX\tex/latex/lm\omllmm.fd
File: omllmm.fd 2015/05/01 v1.6.1 Font defs for Latin Modern
)
LaTeX Font Info:    Trying to load font information for OMS+lmsy on input line 
42.

(C:\Users\Alberto\AppData\Local\Programs\MiKTeX\tex/latex/lm\omslmsy.fd
File: omslmsy.fd 2015/05/01 v1.6.1 Font defs for Latin Modern
)
LaTeX Font Info:    Trying to load font information for OMX+lmex on input line 
42.

(C:\Users\Alberto\AppData\Local\Programs\MiKTeX\tex/latex/lm\omxlmex.fd
File: omxlmex.fd 2015/05/01 v1.6.1 Font defs for Latin Modern
)
LaTeX Font Info:    External font `lmex10' loaded for size
(Font)              <14.4> on input line 42.
LaTeX Font Info:    External font `lmex10' loaded for size
(Font)              <10> on input line 42.
LaTeX Font Info:    External font `lmex10' loaded for size
(Font)              <7> on input line 42.
LaTeX Font Info:    Trying to load font information for U+msa on input line 42.


(C:\Users\Alberto\AppData\Local\Programs\MiKTeX\tex/latex/amsfonts\umsa.fd
File: umsa.fd 2013/01/14 v3.01 AMS symbols A
)
LaTeX Font Info:    Trying to load font information for U+msb on input line 42.


(C:\Users\Alberto\AppData\Local\Programs\MiKTeX\tex/latex/amsfonts\umsb.fd
File: umsb.fd 2013/01/14 v3.01 AMS symbols B
)

[1

{C:/Users/Alberto/AppData/Local/MiKTeX/fonts/map/pdftex/pdftex.map}{C:/Users/Al
berto/AppData/Local/Programs/MiKTeX/fonts/enc/dvips/lm/lm-ec.enc} <./Figuras/ul
e.jpg> <./Figuras/escudo-ingenierias.png> <./Figuras/chimenea_recta.jpg>]
(main_copy.toc
LaTeX Info: Redefining \sptext on input line 1.
LaTeX Info: Redefining \. on input line 1.
LaTeX Info: Redefining \% on input line 1.
Package cleveref Info: loaded `spanish' language definitions on input line 1.
LaTeX Font Info:    External font `lmex10' loaded for size
(Font)              <12> on input line 5.
LaTeX Font Info:    External font `lmex10' loaded for size
(Font)              <8> on input line 5.
LaTeX Font Info:    External font `lmex10' loaded for size
(Font)              <6> on input line 5.
)
\tf@toc=\write6
\openout6 = `main_copy.toc'.



[1

] (main_copy.lof
LaTeX Info: Redefining \sptext on input line 1.
LaTeX Info: Redefining \. on input line 1.
LaTeX Info: Redefining \% on input line 1.
Package cleveref Info: loaded `spanish' language definitions on input line 1.
)
\tf@lof=\write7
\openout7 = `main_copy.lof'.



[2

]

[1


]

LaTeX Info: Redefining \. on input line 102.
LaTeX Info: Redefining \% on input line 102.
Package babel Info: 'spanish' activates 'spanish' shorthands.
(babel)             Reported on input line 102.
Package cleveref Info: loaded `spanish' language definitions on input line 102.

[2

]

LaTeX Info: Redefining \. on input line 107.
LaTeX Info: Redefining \% on input line 107.
Package cleveref Info: loaded `spanish' language definitions on input line 107.

[3]
<Figuras/IPCI.png, id=187, 1189.44376pt x 492.33937pt>
File: Figuras/IPCI.png Graphic file (type png)
<use Figuras/IPCI.png>
Package pdftex.def Info: Figuras/IPCI.png  used on input line 111.
(pdftex.def)             Requested size: 685.7035pt x 283.82915pt.


Package caption Warning: The option `hypcap=true' will be ignored for this
(caption)                particular \caption on input line 112.
See the caption package documentation for explanation.



LaTeX Info: Redefining \. on input line 116.
LaTeX Info: Redefining \% on input line 116.
Package cleveref Info: loaded `spanish' language definitions on input line 116.

[4


 <./Figuras/IPCI.png>]
<Figuras/BIE_en_funcionamiento.png, id=194, 597.432pt x 325.81725pt>
File: Figuras/BIE_en_funcionamiento.png Graphic file (type png)
<use Figuras/BIE_en_funcionamiento.png>
Package pdftex.def Info: Figuras/BIE_en_funcionamiento.png  used on input line 
122.
(pdftex.def)             Requested size: 227.62206pt x 124.13498pt.
<Figuras/Rocioador_en_funcionamiento.png, id=195, 1391.95032pt x 516.42938pt>
File: Figuras/Rocioador_en_funcionamiento.png Graphic file (type png)
<use Figuras/Rocioador_en_funcionamiento.png>
Package pdftex.def Info: Figuras/Rocioador_en_funcionamiento.png  used on input
 line 130.
(pdftex.def)             Requested size: 227.62206pt x 84.45068pt.


LaTeX Info: Redefining \. on input line 145.
LaTeX Info: Redefining \% on input line 145.
Package cleveref Info: loaded `spanish' language definitions on input line 145.

[5


 <./Figuras/BIE_en_funcionamiento.png> <./Figuras/Rocioador_en_funcionamiento.p
ng>]

Package siunitx Warning: Unit macro \bar has been deprecated in this release.
(siunitx)                
(siunitx)                The BIPM have removed this unit from the SI Brochure.
(siunitx)                You should define it yourself using \DeclareSIUnit in
(siunitx)                your source. The current definition is
(siunitx)                
(siunitx)                \DeclareSIUnit\bar{bar}



LaTeX Info: Redefining \. on input line 158.
LaTeX Info: Redefining \% on input line 158.
Package cleveref Info: loaded `spanish' language definitions on input line 158.

[6

{C:/Users/Alberto/AppData/Local/Programs/MiKTeX/fonts/enc/dvips/lm/lm-mathit.en
c}{C:/Users/Alberto/AppData/Local/Programs/MiKTeX/fonts/enc/dvips/lm/lm-rm.enc}
]

LaTeX Info: Redefining \. on input line 171.
LaTeX Info: Redefining \% on input line 171.
Package cleveref Info: loaded `spanish' language definitions on input line 171.

[7]
<Figuras/definicion_plantas.png, id=223, 1155.1155pt x 620.3175pt>
File: Figuras/definicion_plantas.png Graphic file (type png)
<use Figuras/definicion_plantas.png>
Package pdftex.def Info: Figuras/definicion_plantas.png  used on input line 179
.
(pdftex.def)             Requested size: 318.66948pt x 171.1321pt.
<Figuras/Perfil_Plantas.png, id=224, 536.75531pt x 638.385pt>
File: Figuras/Perfil_Plantas.png Graphic file (type png)
<use Figuras/Perfil_Plantas.png>
Package pdftex.def Info: Figuras/Perfil_Plantas.png  used on input line 187.
(pdftex.def)             Requested size: 227.62206pt x 270.7207pt.


LaTeX Info: Redefining \. on input line 192.
LaTeX Info: Redefining \% on input line 192.
Package cleveref Info: loaded `spanish' language definitions on input line 192.

[8 <./Figuras/definicion_plantas.png>]

LaTeX Info: Redefining \. on input line 201.
LaTeX Info: Redefining \% on input line 201.
Package cleveref Info: loaded `spanish' language definitions on input line 201.

[9 <./Figuras/Perfil_Plantas.png>]
<Figuras/Inicio_Tramo_y_BIE.png, id=239, 444.91219pt x 314.67563pt>
File: Figuras/Inicio_Tramo_y_BIE.png Graphic file (type png)
<use Figuras/Inicio_Tramo_y_BIE.png>
Package pdftex.def Info: Figuras/Inicio_Tramo_y_BIE.png  used on input line 210
.
(pdftex.def)             Requested size: 204.85846pt x 144.89178pt.


LaTeX Info: Redefining \. on input line 215.
LaTeX Info: Redefining \% on input line 215.
Package cleveref Info: loaded `spanish' language definitions on input line 215.

[10]
Overfull \hbox (4.45749pt too wide) in paragraph at lines 220--222
[]$[]$\T1/lmr/m/n/12 : Se se-lec-cio-na el mo-de-lo co-mer-cial \T1/lmr/bx/n/12
 IMP Work-
 []



LaTeX Info: Redefining \. on input line 230.
LaTeX Info: Redefining \% on input line 230.
Package cleveref Info: loaded `spanish' language definitions on input line 230.

[11 <./Figuras/Inicio_Tramo_y_BIE.png>]

LaTeX Info: Redefining \. on input line 256.
LaTeX Info: Redefining \% on input line 256.
Package cleveref Info: loaded `spanish' language definitions on input line 256.

[12

{C:/Users/Alberto/AppData/Local/Programs/MiKTeX/fonts/enc/dvips/lm/lm-mathsy.en
c}]
LaTeX Font Info:    Trying to load font information for TS1+lmr on input line 2
83.
 (C:\Users\Alberto\AppData\Local\Programs\MiKTeX\tex/latex/lm\ts1lmr.fd
File: ts1lmr.fd 2015/05/01 v1.6.1 Font defs for Latin Modern
)

LaTeX Info: Redefining \. on input line 284.
LaTeX Info: Redefining \% on input line 284.
Package cleveref Info: loaded `spanish' language definitions on input line 284.

[13]

LaTeX Info: Redefining \. on input line 303.
LaTeX Info: Redefining \% on input line 303.
Package cleveref Info: loaded `spanish' language definitions on input line 303.

[14{C:/Users/Alberto/AppData/Local/Programs/MiKTeX/fonts/enc/dvips/lm/lm-ts1.en
c}]

LaTeX Info: Redefining \. on input line 320.
LaTeX Info: Redefining \% on input line 320.
Package cleveref Info: loaded `spanish' language definitions on input line 320.

[15]

LaTeX Info: Redefining \. on input line 332.
LaTeX Info: Redefining \% on input line 332.
Package cleveref Info: loaded `spanish' language definitions on input line 332.

[16]
Overfull \hbox (4.26672pt too wide) in paragraph at lines 347--348
\T1/lmr/m/n/12 do-res, ex-pre-sa-do en li-tros por mi-nu-to ($\OT1/lmr/m/n/12 L
\OML/lmm/m/it/12 =[]$\T1/lmr/m/n/12 ). En nues-tro mo-de-lo es de $\OT1/lmr/m/n
/12 430[]87$$L\OML/lmm/m/it/12 =[]$\T1/lmr/m/n/12 . 
 []



LaTeX Info: Redefining \. on input line 354.
LaTeX Info: Redefining \% on input line 354.
Package cleveref Info: loaded `spanish' language definitions on input line 354.

[17]

LaTeX Info: Redefining \. on input line 356.
LaTeX Info: Redefining \% on input line 356.
Package cleveref Info: loaded `spanish' language definitions on input line 356.

[18]

LaTeX Info: Redefining \. on input line 358.
LaTeX Info: Redefining \% on input line 358.
Package cleveref Info: loaded `spanish' language definitions on input line 358.

[19]

LaTeX Info: Redefining \. on input line 367.
LaTeX Info: Redefining \% on input line 367.
Package cleveref Info: loaded `spanish' language definitions on input line 367.

[20

]

LaTeX Info: Redefining \. on input line 376.
LaTeX Info: Redefining \% on input line 376.
Package cleveref Info: loaded `spanish' language definitions on input line 376.

[21]
LaTeX Font Info:    Trying to load font information for T1+lmtt on input line 3
77.
 (C:\Users\Alberto\AppData\Local\Programs\MiKTeX\tex/latex/lm\t1lmtt.fd
File: t1lmtt.fd 2015/05/01 v1.6.1 Font defs for Latin Modern
)

LaTeX Info: Redefining \. on input line 379.
LaTeX Info: Redefining \% on input line 379.
Package cleveref Info: loaded `spanish' language definitions on input line 379.

[22


]

[23

]

Package hyperref Warning: The anchor of a bookmark and its parent's must not
(hyperref)                be the same. Added a new anchor on input line 382.



[24


]
<Figuras/catalogos/ficha_tecnica_BIE.pdf, id=364, 597.23125pt x 845.1575pt>
File: Figuras/catalogos/ficha_tecnica_BIE.pdf Graphic file (type pdf)
<use Figuras/catalogos/ficha_tecnica_BIE.pdf>
Package pdftex.def Info: Figuras/catalogos/ficha_tecnica_BIE.pdf  used on input
 line 383.
(pdftex.def)             Requested size: 597.22978pt x 845.15544pt.
<Figuras/catalogos/ficha_tecnica_BIE.pdf, id=366, page=1, 597.23125pt x 845.157
5pt>
File: Figuras/catalogos/ficha_tecnica_BIE.pdf Graphic file (type pdf)
<use Figuras/catalogos/ficha_tecnica_BIE.pdf, page 1>
Package pdftex.def Info: Figuras/catalogos/ficha_tecnica_BIE.pdf , page1 used o
n input line 383.
(pdftex.def)             Requested size: 597.22978pt x 845.15544pt.
File: Figuras/catalogos/ficha_tecnica_BIE.pdf Graphic file (type pdf)
<use Figuras/catalogos/ficha_tecnica_BIE.pdf, page 1>
Package pdftex.def Info: Figuras/catalogos/ficha_tecnica_BIE.pdf , page1 used o
n input line 383.
(pdftex.def)             Requested size: 597.33913pt x 845.31018pt.
File: Figuras/catalogos/ficha_tecnica_BIE.pdf Graphic file (type pdf)
<use Figuras/catalogos/ficha_tecnica_BIE.pdf, page 1>
Package pdftex.def Info: Figuras/catalogos/ficha_tecnica_BIE.pdf , page1 used o
n input line 383.
(pdftex.def)             Requested size: 597.33913pt x 845.31018pt.
File: Figuras/catalogos/ficha_tecnica_BIE.pdf Graphic file (type pdf)
<use Figuras/catalogos/ficha_tecnica_BIE.pdf, page 1>
Package pdftex.def Info: Figuras/catalogos/ficha_tecnica_BIE.pdf , page1 used o
n input line 383.
(pdftex.def)             Requested size: 597.33913pt x 845.31018pt.


File: Figuras/catalogos/ficha_tecnica_BIE.pdf Graphic file (type pdf)
<use Figuras/catalogos/ficha_tecnica_BIE.pdf, page 1>
Package pdftex.def Info: Figuras/catalogos/ficha_tecnica_BIE.pdf , page1 used o
n input line 383.
(pdftex.def)             Requested size: 597.33913pt x 845.31018pt.
[25


 <./Figuras/catalogos/ficha_tecnica_BIE.pdf>]
<Figuras/catalogos/ficha_tecnica_BIE.pdf, id=380, page=2, 597.23125pt x 845.157
5pt>
File: Figuras/catalogos/ficha_tecnica_BIE.pdf Graphic file (type pdf)
<use Figuras/catalogos/ficha_tecnica_BIE.pdf, page 2>
Package pdftex.def Info: Figuras/catalogos/ficha_tecnica_BIE.pdf , page2 used o
n input line 383.
(pdftex.def)             Requested size: 597.33913pt x 845.31018pt.
File: Figuras/catalogos/ficha_tecnica_BIE.pdf Graphic file (type pdf)
<use Figuras/catalogos/ficha_tecnica_BIE.pdf, page 2>
Package pdftex.def Info: Figuras/catalogos/ficha_tecnica_BIE.pdf , page2 used o
n input line 383.
(pdftex.def)             Requested size: 597.33913pt x 845.31018pt.


File: Figuras/catalogos/ficha_tecnica_BIE.pdf Graphic file (type pdf)
<use Figuras/catalogos/ficha_tecnica_BIE.pdf, page 2>
Package pdftex.def Info: Figuras/catalogos/ficha_tecnica_BIE.pdf , page2 used o
n input line 383.
(pdftex.def)             Requested size: 597.33913pt x 845.31018pt.
[26

 <./Figuras/catalogos/ficha_tecnica_BIE.pdf>]

[27

]
<Figuras/catalogos/TFP220_06_2025.pdf, id=389, 614.295pt x 794.97pt>
File: Figuras/catalogos/TFP220_06_2025.pdf Graphic file (type pdf)
<use Figuras/catalogos/TFP220_06_2025.pdf>
Package pdftex.def Info: Figuras/catalogos/TFP220_06_2025.pdf  used on input li
ne 386.
(pdftex.def)             Requested size: 614.29349pt x 794.96806pt.
<Figuras/catalogos/TFP220_06_2025.pdf, id=391, page=1, 614.295pt x 794.97pt>
File: Figuras/catalogos/TFP220_06_2025.pdf Graphic file (type pdf)
<use Figuras/catalogos/TFP220_06_2025.pdf, page 1>
Package pdftex.def Info: Figuras/catalogos/TFP220_06_2025.pdf , page1 used on i
nput line 386.
(pdftex.def)             Requested size: 614.29349pt x 794.96806pt.
File: Figuras/catalogos/TFP220_06_2025.pdf Graphic file (type pdf)
<use Figuras/catalogos/TFP220_06_2025.pdf, page 1>
Package pdftex.def Info: Figuras/catalogos/TFP220_06_2025.pdf , page1 used on i
nput line 386.
(pdftex.def)             Requested size: 614.58406pt x 795.3441pt.
File: Figuras/catalogos/TFP220_06_2025.pdf Graphic file (type pdf)
<use Figuras/catalogos/TFP220_06_2025.pdf, page 1>
Package pdftex.def Info: Figuras/catalogos/TFP220_06_2025.pdf , page1 used on i
nput line 386.
(pdftex.def)             Requested size: 614.58406pt x 795.3441pt.
File: Figuras/catalogos/TFP220_06_2025.pdf Graphic file (type pdf)
<use Figuras/catalogos/TFP220_06_2025.pdf, page 1>
Package pdftex.def Info: Figuras/catalogos/TFP220_06_2025.pdf , page1 used on i
nput line 386.
(pdftex.def)             Requested size: 614.58406pt x 795.3441pt.


File: Figuras/catalogos/TFP220_06_2025.pdf Graphic file (type pdf)
<use Figuras/catalogos/TFP220_06_2025.pdf, page 1>
Package pdftex.def Info: Figuras/catalogos/TFP220_06_2025.pdf , page1 used on i
nput line 386.
(pdftex.def)             Requested size: 614.58406pt x 795.3441pt.
[28


 <./Figuras/catalogos/TFP220_06_2025.pdf>]
<Figuras/catalogos/TFP220_06_2025.pdf, id=456, page=2, 614.295pt x 794.97pt>
File: Figuras/catalogos/TFP220_06_2025.pdf Graphic file (type pdf)
<use Figuras/catalogos/TFP220_06_2025.pdf, page 2>
Package pdftex.def Info: Figuras/catalogos/TFP220_06_2025.pdf , page2 used on i
nput line 386.
(pdftex.def)             Requested size: 614.58406pt x 795.3441pt.
File: Figuras/catalogos/TFP220_06_2025.pdf Graphic file (type pdf)
<use Figuras/catalogos/TFP220_06_2025.pdf, page 2>
Package pdftex.def Info: Figuras/catalogos/TFP220_06_2025.pdf , page2 used on i
nput line 386.
(pdftex.def)             Requested size: 614.58406pt x 795.3441pt.


File: Figuras/catalogos/TFP220_06_2025.pdf Graphic file (type pdf)
<use Figuras/catalogos/TFP220_06_2025.pdf, page 2>
Package pdftex.def Info: Figuras/catalogos/TFP220_06_2025.pdf , page2 used on i
nput line 386.
(pdftex.def)             Requested size: 614.58406pt x 795.3441pt.
[29

 <./Figuras/catalogos/TFP220_06_2025.pdf>]
<Figuras/catalogos/TFP220_06_2025.pdf, id=467, page=3, 614.295pt x 794.97pt>
File: Figuras/catalogos/TFP220_06_2025.pdf Graphic file (type pdf)
<use Figuras/catalogos/TFP220_06_2025.pdf, page 3>
Package pdftex.def Info: Figuras/catalogos/TFP220_06_2025.pdf , page3 used on i
nput line 386.
(pdftex.def)             Requested size: 614.58406pt x 795.3441pt.
File: Figuras/catalogos/TFP220_06_2025.pdf Graphic file (type pdf)
<use Figuras/catalogos/TFP220_06_2025.pdf, page 3>
Package pdftex.def Info: Figuras/catalogos/TFP220_06_2025.pdf , page3 used on i
nput line 386.
(pdftex.def)             Requested size: 614.58406pt x 795.3441pt.


File: Figuras/catalogos/TFP220_06_2025.pdf Graphic file (type pdf)
<use Figuras/catalogos/TFP220_06_2025.pdf, page 3>
Package pdftex.def Info: Figuras/catalogos/TFP220_06_2025.pdf , page3 used on i
nput line 386.
(pdftex.def)             Requested size: 614.58406pt x 795.3441pt.
[30

 <./Figuras/catalogos/TFP220_06_2025.pdf>]
<Figuras/catalogos/TFP220_06_2025.pdf, id=472, page=4, 614.295pt x 794.97pt>
File: Figuras/catalogos/TFP220_06_2025.pdf Graphic file (type pdf)
<use Figuras/catalogos/TFP220_06_2025.pdf, page 4>
Package pdftex.def Info: Figuras/catalogos/TFP220_06_2025.pdf , page4 used on i
nput line 386.
(pdftex.def)             Requested size: 614.58406pt x 795.3441pt.
File: Figuras/catalogos/TFP220_06_2025.pdf Graphic file (type pdf)
<use Figuras/catalogos/TFP220_06_2025.pdf, page 4>
Package pdftex.def Info: Figuras/catalogos/TFP220_06_2025.pdf , page4 used on i
nput line 386.
(pdftex.def)             Requested size: 614.58406pt x 795.3441pt.


File: Figuras/catalogos/TFP220_06_2025.pdf Graphic file (type pdf)
<use Figuras/catalogos/TFP220_06_2025.pdf, page 4>
Package pdftex.def Info: Figuras/catalogos/TFP220_06_2025.pdf , page4 used on i
nput line 386.
(pdftex.def)             Requested size: 614.58406pt x 795.3441pt.
[31

 <./Figuras/catalogos/TFP220_06_2025.pdf>]
<Figuras/catalogos/TFP220_06_2025.pdf, id=477, page=5, 614.295pt x 794.97pt>
File: Figuras/catalogos/TFP220_06_2025.pdf Graphic file (type pdf)
<use Figuras/catalogos/TFP220_06_2025.pdf, page 5>
Package pdftex.def Info: Figuras/catalogos/TFP220_06_2025.pdf , page5 used on i
nput line 386.
(pdftex.def)             Requested size: 614.58406pt x 795.3441pt.
File: Figuras/catalogos/TFP220_06_2025.pdf Graphic file (type pdf)
<use Figuras/catalogos/TFP220_06_2025.pdf, page 5>
Package pdftex.def Info: Figuras/catalogos/TFP220_06_2025.pdf , page5 used on i
nput line 386.
(pdftex.def)             Requested size: 614.58406pt x 795.3441pt.


File: Figuras/catalogos/TFP220_06_2025.pdf Graphic file (type pdf)
<use Figuras/catalogos/TFP220_06_2025.pdf, page 5>
Package pdftex.def Info: Figuras/catalogos/TFP220_06_2025.pdf , page5 used on i
nput line 386.
(pdftex.def)             Requested size: 614.58406pt x 795.3441pt.
[32

 <./Figuras/catalogos/TFP220_06_2025.pdf>]
<Figuras/catalogos/TFP220_06_2025.pdf, id=482, page=6, 614.295pt x 794.97pt>
File: Figuras/catalogos/TFP220_06_2025.pdf Graphic file (type pdf)
<use Figuras/catalogos/TFP220_06_2025.pdf, page 6>
Package pdftex.def Info: Figuras/catalogos/TFP220_06_2025.pdf , page6 used on i
nput line 386.
(pdftex.def)             Requested size: 614.58406pt x 795.3441pt.
File: Figuras/catalogos/TFP220_06_2025.pdf Graphic file (type pdf)
<use Figuras/catalogos/TFP220_06_2025.pdf, page 6>
Package pdftex.def Info: Figuras/catalogos/TFP220_06_2025.pdf , page6 used on i
nput line 386.
(pdftex.def)             Requested size: 614.58406pt x 795.3441pt.


File: Figuras/catalogos/TFP220_06_2025.pdf Graphic file (type pdf)
<use Figuras/catalogos/TFP220_06_2025.pdf, page 6>
Package pdftex.def Info: Figuras/catalogos/TFP220_06_2025.pdf , page6 used on i
nput line 386.
(pdftex.def)             Requested size: 614.58406pt x 795.3441pt.
[33

 <./Figuras/catalogos/TFP220_06_2025.pdf>]

[34

]
<Figuras/Anejo_calculo.pdf, id=507, 614.295pt x 794.97pt>
File: Figuras/Anejo_calculo.pdf Graphic file (type pdf)
<use Figuras/Anejo_calculo.pdf>
Package pdftex.def Info: Figuras/Anejo_calculo.pdf  used on input line 390.
(pdftex.def)             Requested size: 614.29349pt x 794.96806pt.
<Figuras/Anejo_calculo.pdf, id=509, page=1, 614.295pt x 794.97pt>
File: Figuras/Anejo_calculo.pdf Graphic file (type pdf)
<use Figuras/Anejo_calculo.pdf, page 1>
Package pdftex.def Info: Figuras/Anejo_calculo.pdf , page1 used on input line 3
90.
(pdftex.def)             Requested size: 614.29349pt x 794.96806pt.
File: Figuras/Anejo_calculo.pdf Graphic file (type pdf)
<use Figuras/Anejo_calculo.pdf, page 1>
Package pdftex.def Info: Figuras/Anejo_calculo.pdf , page1 used on input line 3
90.
(pdftex.def)             Requested size: 597.78697pt x 773.60669pt.
File: Figuras/Anejo_calculo.pdf Graphic file (type pdf)
<use Figuras/Anejo_calculo.pdf, page 1>
Package pdftex.def Info: Figuras/Anejo_calculo.pdf , page1 used on input line 3
90.
(pdftex.def)             Requested size: 597.78697pt x 773.60669pt.
File: Figuras/Anejo_calculo.pdf Graphic file (type pdf)
<use Figuras/Anejo_calculo.pdf, page 1>
Package pdftex.def Info: Figuras/Anejo_calculo.pdf , page1 used on input line 3
90.
(pdftex.def)             Requested size: 597.78697pt x 773.60669pt.


File: Figuras/Anejo_calculo.pdf Graphic file (type pdf)
<use Figuras/Anejo_calculo.pdf, page 1>
Package pdftex.def Info: Figuras/Anejo_calculo.pdf , page1 used on input line 3
90.
(pdftex.def)             Requested size: 597.78697pt x 773.60669pt.
[35


 <./Figuras/Anejo_calculo.pdf>]
<Figuras/Anejo_calculo.pdf, id=537, page=2, 614.295pt x 794.97pt>
File: Figuras/Anejo_calculo.pdf Graphic file (type pdf)
<use Figuras/Anejo_calculo.pdf, page 2>
Package pdftex.def Info: Figuras/Anejo_calculo.pdf , page2 used on input line 3
90.
(pdftex.def)             Requested size: 597.78697pt x 773.60669pt.
File: Figuras/Anejo_calculo.pdf Graphic file (type pdf)
<use Figuras/Anejo_calculo.pdf, page 2>
Package pdftex.def Info: Figuras/Anejo_calculo.pdf , page2 used on input line 3
90.
(pdftex.def)             Requested size: 597.78697pt x 773.60669pt.


File: Figuras/Anejo_calculo.pdf Graphic file (type pdf)
<use Figuras/Anejo_calculo.pdf, page 2>
Package pdftex.def Info: Figuras/Anejo_calculo.pdf , page2 used on input line 3
90.
(pdftex.def)             Requested size: 597.78697pt x 773.60669pt.
[36

 <./Figuras/Anejo_calculo.pdf>]
<Figuras/Anejo_calculo.pdf, id=543, page=3, 614.295pt x 794.97pt>
File: Figuras/Anejo_calculo.pdf Graphic file (type pdf)
<use Figuras/Anejo_calculo.pdf, page 3>
Package pdftex.def Info: Figuras/Anejo_calculo.pdf , page3 used on input line 3
90.
(pdftex.def)             Requested size: 597.78697pt x 773.60669pt.
File: Figuras/Anejo_calculo.pdf Graphic file (type pdf)
<use Figuras/Anejo_calculo.pdf, page 3>
Package pdftex.def Info: Figuras/Anejo_calculo.pdf , page3 used on input line 3
90.
(pdftex.def)             Requested size: 597.78697pt x 773.60669pt.


File: Figuras/Anejo_calculo.pdf Graphic file (type pdf)
<use Figuras/Anejo_calculo.pdf, page 3>
Package pdftex.def Info: Figuras/Anejo_calculo.pdf , page3 used on input line 3
90.
(pdftex.def)             Requested size: 597.78697pt x 773.60669pt.
[37

 <./Figuras/Anejo_calculo.pdf>]
<Figuras/Anejo_calculo.pdf, id=549, page=4, 614.295pt x 794.97pt>
File: Figuras/Anejo_calculo.pdf Graphic file (type pdf)
<use Figuras/Anejo_calculo.pdf, page 4>
Package pdftex.def Info: Figuras/Anejo_calculo.pdf , page4 used on input line 3
90.
(pdftex.def)             Requested size: 597.78697pt x 773.60669pt.
File: Figuras/Anejo_calculo.pdf Graphic file (type pdf)
<use Figuras/Anejo_calculo.pdf, page 4>
Package pdftex.def Info: Figuras/Anejo_calculo.pdf , page4 used on input line 3
90.
(pdftex.def)             Requested size: 597.78697pt x 773.60669pt.


File: Figuras/Anejo_calculo.pdf Graphic file (type pdf)
<use Figuras/Anejo_calculo.pdf, page 4>
Package pdftex.def Info: Figuras/Anejo_calculo.pdf , page4 used on input line 3
90.
(pdftex.def)             Requested size: 597.78697pt x 773.60669pt.
[38

 <./Figuras/Anejo_calculo.pdf>]
<Figuras/Anejo_calculo.pdf, id=555, page=5, 614.295pt x 794.97pt>
File: Figuras/Anejo_calculo.pdf Graphic file (type pdf)
<use Figuras/Anejo_calculo.pdf, page 5>
Package pdftex.def Info: Figuras/Anejo_calculo.pdf , page5 used on input line 3
90.
(pdftex.def)             Requested size: 597.78697pt x 773.60669pt.
File: Figuras/Anejo_calculo.pdf Graphic file (type pdf)
<use Figuras/Anejo_calculo.pdf, page 5>
Package pdftex.def Info: Figuras/Anejo_calculo.pdf , page5 used on input line 3
90.
(pdftex.def)             Requested size: 597.78697pt x 773.60669pt.


File: Figuras/Anejo_calculo.pdf Graphic file (type pdf)
<use Figuras/Anejo_calculo.pdf, page 5>
Package pdftex.def Info: Figuras/Anejo_calculo.pdf , page5 used on input line 3
90.
(pdftex.def)             Requested size: 597.78697pt x 773.60669pt.
[39

 <./Figuras/Anejo_calculo.pdf>]
<Figuras/Anejo_calculo.pdf, id=561, page=6, 614.295pt x 794.97pt>
File: Figuras/Anejo_calculo.pdf Graphic file (type pdf)
<use Figuras/Anejo_calculo.pdf, page 6>
Package pdftex.def Info: Figuras/Anejo_calculo.pdf , page6 used on input line 3
90.
(pdftex.def)             Requested size: 597.78697pt x 773.60669pt.
File: Figuras/Anejo_calculo.pdf Graphic file (type pdf)
<use Figuras/Anejo_calculo.pdf, page 6>
Package pdftex.def Info: Figuras/Anejo_calculo.pdf , page6 used on input line 3
90.
(pdftex.def)             Requested size: 597.78697pt x 773.60669pt.


File: Figuras/Anejo_calculo.pdf Graphic file (type pdf)
<use Figuras/Anejo_calculo.pdf, page 6>
Package pdftex.def Info: Figuras/Anejo_calculo.pdf , page6 used on input line 3
90.
(pdftex.def)             Requested size: 597.78697pt x 773.60669pt.
[40

 <./Figuras/Anejo_calculo.pdf>]
<Figuras/Anejo_calculo.pdf, id=568, page=7, 614.295pt x 794.97pt>
File: Figuras/Anejo_calculo.pdf Graphic file (type pdf)
<use Figuras/Anejo_calculo.pdf, page 7>
Package pdftex.def Info: Figuras/Anejo_calculo.pdf , page7 used on input line 3
90.
(pdftex.def)             Requested size: 597.78697pt x 773.60669pt.
File: Figuras/Anejo_calculo.pdf Graphic file (type pdf)
<use Figuras/Anejo_calculo.pdf, page 7>
Package pdftex.def Info: Figuras/Anejo_calculo.pdf , page7 used on input line 3
90.
(pdftex.def)             Requested size: 597.78697pt x 773.60669pt.


File: Figuras/Anejo_calculo.pdf Graphic file (type pdf)
<use Figuras/Anejo_calculo.pdf, page 7>
Package pdftex.def Info: Figuras/Anejo_calculo.pdf , page7 used on input line 3
90.
(pdftex.def)             Requested size: 597.78697pt x 773.60669pt.
[41

 <./Figuras/Anejo_calculo.pdf>]

[42

]
<Figuras/Planos/plano_reducido-Plantas.pdf, id=578, 845.1575pt x 597.23125pt>
File: Figuras/Planos/plano_reducido-Plantas.pdf Graphic file (type pdf)
<use Figuras/Planos/plano_reducido-Plantas.pdf>
Package pdftex.def Info: Figuras/Planos/plano_reducido-Plantas.pdf  used on inp
ut line 395.
(pdftex.def)             Requested size: 845.15544pt x 597.22978pt.
<Figuras/Planos/plano_reducido-Plantas.pdf, id=580, page=1, 845.1575pt x 597.23
125pt>
File: Figuras/Planos/plano_reducido-Plantas.pdf Graphic file (type pdf)
<use Figuras/Planos/plano_reducido-Plantas.pdf, page 1>
Package pdftex.def Info: Figuras/Planos/plano_reducido-Plantas.pdf , page1 used
 on input line 395.
(pdftex.def)             Requested size: 845.15544pt x 597.22978pt.
File: Figuras/Planos/plano_reducido-Plantas.pdf Graphic file (type pdf)
<use Figuras/Planos/plano_reducido-Plantas.pdf, page 1>
Package pdftex.def Info: Figuras/Planos/plano_reducido-Plantas.pdf , page1 used
 on input line 395.
(pdftex.def)             Requested size: 845.31018pt x 597.33913pt.
File: Figuras/Planos/plano_reducido-Plantas.pdf Graphic file (type pdf)
<use Figuras/Planos/plano_reducido-Plantas.pdf, page 1>
Package pdftex.def Info: Figuras/Planos/plano_reducido-Plantas.pdf , page1 used
 on input line 395.
(pdftex.def)             Requested size: 845.31018pt x 597.33913pt.
File: Figuras/Planos/plano_reducido-Plantas.pdf Graphic file (type pdf)
<use Figuras/Planos/plano_reducido-Plantas.pdf, page 1>
Package pdftex.def Info: Figuras/Planos/plano_reducido-Plantas.pdf , page1 used
 on input line 395.
(pdftex.def)             Requested size: 845.31018pt x 597.33913pt.


File: Figuras/Planos/plano_reducido-Plantas.pdf Graphic file (type pdf)
<use Figuras/Planos/plano_reducido-Plantas.pdf, page 1>
Package pdftex.def Info: Figuras/Planos/plano_reducido-Plantas.pdf , page1 used
 on input line 395.
(pdftex.def)             Requested size: 845.31018pt x 597.33913pt.
[43


 <./Figuras/Planos/plano_reducido-Plantas.pdf>]
<Figuras/Planos/red-perfil-Unifilar.pdf, id=615, 1195.46625pt x 845.1575pt>
File: Figuras/Planos/red-perfil-Unifilar.pdf Graphic file (type pdf)
<use Figuras/Planos/red-perfil-Unifilar.pdf>
Package pdftex.def Info: Figuras/Planos/red-perfil-Unifilar.pdf  used on input 
line 396.
(pdftex.def)             Requested size: 1195.46333pt x 845.15544pt.
<Figuras/Planos/red-perfil-Unifilar.pdf, id=617, page=1, 1195.46625pt x 845.157
5pt>
File: Figuras/Planos/red-perfil-Unifilar.pdf Graphic file (type pdf)
<use Figuras/Planos/red-perfil-Unifilar.pdf, page 1>
Package pdftex.def Info: Figuras/Planos/red-perfil-Unifilar.pdf , page1 used on
 input line 396.
(pdftex.def)             Requested size: 1195.46333pt x 845.15544pt.
File: Figuras/Planos/red-perfil-Unifilar.pdf Graphic file (type pdf)
<use Figuras/Planos/red-perfil-Unifilar.pdf, page 1>
Package pdftex.def Info: Figuras/Planos/red-perfil-Unifilar.pdf , page1 used on
 input line 396.
(pdftex.def)             Requested size: 1195.68222pt x 845.31018pt.
File: Figuras/Planos/red-perfil-Unifilar.pdf Graphic file (type pdf)
<use Figuras/Planos/red-perfil-Unifilar.pdf, page 1>
Package pdftex.def Info: Figuras/Planos/red-perfil-Unifilar.pdf , page1 used on
 input line 396.
(pdftex.def)             Requested size: 1195.68222pt x 845.31018pt.
File: Figuras/Planos/red-perfil-Unifilar.pdf Graphic file (type pdf)
<use Figuras/Planos/red-perfil-Unifilar.pdf, page 1>
Package pdftex.def Info: Figuras/Planos/red-perfil-Unifilar.pdf , page1 used on
 input line 396.
(pdftex.def)             Requested size: 1195.68222pt x 845.31018pt.


File: Figuras/Planos/red-perfil-Unifilar.pdf Graphic file (type pdf)
<use Figuras/Planos/red-perfil-Unifilar.pdf, page 1>
Package pdftex.def Info: Figuras/Planos/red-perfil-Unifilar.pdf , page1 used on
 input line 396.
(pdftex.def)             Requested size: 1195.68222pt x 845.31018pt.
[44

 <./Figuras/Planos/red-perfil-Unifilar.pdf>]
<Figuras/Planos/red-perfil-Montantes.pdf, id=645, 845.1575pt x 597.23125pt>
File: Figuras/Planos/red-perfil-Montantes.pdf Graphic file (type pdf)
<use Figuras/Planos/red-perfil-Montantes.pdf>
Package pdftex.def Info: Figuras/Planos/red-perfil-Montantes.pdf  used on input
 line 397.
(pdftex.def)             Requested size: 845.15544pt x 597.22978pt.
<Figuras/Planos/red-perfil-Montantes.pdf, id=647, page=1, 845.1575pt x 597.2312
5pt>
File: Figuras/Planos/red-perfil-Montantes.pdf Graphic file (type pdf)
<use Figuras/Planos/red-perfil-Montantes.pdf, page 1>
Package pdftex.def Info: Figuras/Planos/red-perfil-Montantes.pdf , page1 used o
n input line 397.
(pdftex.def)             Requested size: 845.15544pt x 597.22978pt.
File: Figuras/Planos/red-perfil-Montantes.pdf Graphic file (type pdf)
<use Figuras/Planos/red-perfil-Montantes.pdf, page 1>
Package pdftex.def Info: Figuras/Planos/red-perfil-Montantes.pdf , page1 used o
n input line 397.
(pdftex.def)             Requested size: 845.31018pt x 597.33913pt.
File: Figuras/Planos/red-perfil-Montantes.pdf Graphic file (type pdf)
<use Figuras/Planos/red-perfil-Montantes.pdf, page 1>
Package pdftex.def Info: Figuras/Planos/red-perfil-Montantes.pdf , page1 used o
n input line 397.
(pdftex.def)             Requested size: 845.31018pt x 597.33913pt.
File: Figuras/Planos/red-perfil-Montantes.pdf Graphic file (type pdf)
<use Figuras/Planos/red-perfil-Montantes.pdf, page 1>
Package pdftex.def Info: Figuras/Planos/red-perfil-Montantes.pdf , page1 used o
n input line 397.
(pdftex.def)             Requested size: 845.31018pt x 597.33913pt.


File: Figuras/Planos/red-perfil-Montantes.pdf Graphic file (type pdf)
<use Figuras/Planos/red-perfil-Montantes.pdf, page 1>
Package pdftex.def Info: Figuras/Planos/red-perfil-Montantes.pdf , page1 used o
n input line 397.
(pdftex.def)             Requested size: 845.31018pt x 597.33913pt.
[45

 <./Figuras/Planos/red-perfil-Montantes.pdf>]
<Figuras/Planos/instalacion_PCI_3D.pdf, id=676, 1195.46625pt x 845.1575pt>
File: Figuras/Planos/instalacion_PCI_3D.pdf Graphic file (type pdf)
<use Figuras/Planos/instalacion_PCI_3D.pdf>
Package pdftex.def Info: Figuras/Planos/instalacion_PCI_3D.pdf  used on input l
ine 398.
(pdftex.def)             Requested size: 1195.46333pt x 845.15544pt.
<Figuras/Planos/instalacion_PCI_3D.pdf, id=678, page=1, 1195.46625pt x 845.1575
pt>
File: Figuras/Planos/instalacion_PCI_3D.pdf Graphic file (type pdf)
<use Figuras/Planos/instalacion_PCI_3D.pdf, page 1>
Package pdftex.def Info: Figuras/Planos/instalacion_PCI_3D.pdf , page1 used on 
input line 398.
(pdftex.def)             Requested size: 1195.46333pt x 845.15544pt.
File: Figuras/Planos/instalacion_PCI_3D.pdf Graphic file (type pdf)
<use Figuras/Planos/instalacion_PCI_3D.pdf, page 1>
Package pdftex.def Info: Figuras/Planos/instalacion_PCI_3D.pdf , page1 used on 
input line 398.
(pdftex.def)             Requested size: 1195.68222pt x 845.31018pt.
File: Figuras/Planos/instalacion_PCI_3D.pdf Graphic file (type pdf)
<use Figuras/Planos/instalacion_PCI_3D.pdf, page 1>
Package pdftex.def Info: Figuras/Planos/instalacion_PCI_3D.pdf , page1 used on 
input line 398.
(pdftex.def)             Requested size: 1195.68222pt x 845.31018pt.
File: Figuras/Planos/instalacion_PCI_3D.pdf Graphic file (type pdf)
<use Figuras/Planos/instalacion_PCI_3D.pdf, page 1>
Package pdftex.def Info: Figuras/Planos/instalacion_PCI_3D.pdf , page1 used on 
input line 398.
(pdftex.def)             Requested size: 1195.68222pt x 845.31018pt.


File: Figuras/Planos/instalacion_PCI_3D.pdf Graphic file (type pdf)
<use Figuras/Planos/instalacion_PCI_3D.pdf, page 1>
Package pdftex.def Info: Figuras/Planos/instalacion_PCI_3D.pdf , page1 used on 
input line 398.
(pdftex.def)             Requested size: 1195.68222pt x 845.31018pt.
[46

 <./Figuras/Planos/instalacion_PCI_3D.pdf>]

enddocument/afterlastpage (AED): lastpage setting LastPage.
(main_copy.aux
LaTeX Info: Redefining \sptext on input line 12.
LaTeX Info: Redefining \. on input line 12.
LaTeX Info: Redefining \% on input line 12.
Package cleveref Info: loaded `spanish' language definitions on input line 12.
)
 ***********
LaTeX2e <2025-06-01> patch level 1
L3 programming layer <2026-03-20>
 ***********
Package rerunfilecheck Info: File `main_copy.out' has not changed.
(rerunfilecheck)             Checksum: 447E0D079A0A4ED775CB5AE222598A01;5035.
Package logreq Info: Writing requests to 'main_copy.run.xml'.
\openout1 = `main_copy.run.xml'.

 ) 
Here is how much of TeX's memory you used:
 42490 strings out of 468291
 882490 string characters out of 5429262
 1651982 words of memory out of 5000000
 70581 multiletter control sequences out of 15000+600000
 709073 words of font info for 93 fonts, out of 8000000 for 9000
 909 hyphenation exceptions out of 8191
 113i,17n,115p,1749b,2298s stack positions out of 10000i,1000n,20000p,200000b,200000s
<C:/Users/Alberto/AppData/Local/Programs/MiKTeX/fonts/type1/public/lm/lmbx10.
pfb><C:/Users/Alberto/AppData/Local/Programs/MiKTeX/fonts/type1/public/lm/lmbx1
2.pfb><C:/Users/Alberto/AppData/Local/Programs/MiKTeX/fonts/type1/public/lm/lmm
i12.pfb><C:/Users/Alberto/AppData/Local/Programs/MiKTeX/fonts/type1/public/lm/l
mmi8.pfb><C:/Users/Alberto/AppData/Local/Programs/MiKTeX/fonts/type1/public/lm/
lmr10.pfb><C:/Users/Alberto/AppData/Local/Programs/MiKTeX/fonts/type1/public/lm
/lmr12.pfb><C:/Users/Alberto/AppData/Local/Programs/MiKTeX/fonts/type1/public/l
m/lmr17.pfb><C:/Users/Alberto/AppData/Local/Programs/MiKTeX/fonts/type1/public/
lm/lmr8.pfb><C:/Users/Alberto/AppData/Local/Programs/MiKTeX/fonts/type1/public/
lm/lmri12.pfb><C:/Users/Alberto/AppData/Local/Programs/MiKTeX/fonts/type1/publi
c/lm/lmsy10.pfb><C:/Users/Alberto/AppData/Local/Programs/MiKTeX/fonts/type1/pub
lic/lm/lmsy8.pfb><C:/Users/Alberto/AppData/Local/Programs/MiKTeX/fonts/type1/pu
blic/lm/lmtt12.pfb>
Output written on main_copy.pdf (49 pages, 3061517 bytes).
PDF statistics:
 792 PDF objects out of 1000 (max. 8388607)
 101 named destinations out of 1000 (max. 500000)
 407 words of extra memory for PDF output out of 10000 (max. 10000000)

